2025-09-24 14:06:11,498 - app - INFO - Application initialized
2025-09-24 14:06:11,499 - app - INFO - Checking model files for car price prediction...
2025-09-24 14:06:11,500 - app - INFO - Model files already exist, skipping creation
2025-09-24 14:06:11,525 - werkzeug - INFO - [31m[1mWARNING: This is a development server. Do not use it in a production deployment. Use a production WSGI server instead.[0m
 * Running on all addresses (0.0.0.0)
 * Running on http://127.0.0.1:5000
 * Running on http://192.168.10.137:5000
2025-09-24 14:06:11,525 - werkzeug - INFO - [33mPress CTRL+C to quit[0m
2025-09-24 14:06:11,527 - werkzeug - INFO -  * Restarting with stat
2025-09-24 14:06:13,639 - app - INFO - Application initialized
2025-09-24 14:06:13,639 - app - INFO - Checking model files for car price prediction...
2025-09-24 14:06:13,639 - app - INFO - Model files already exist, skipping creation
2025-09-24 14:06:13,645 - werkzeug - WARNING -  * Debugger is active!
2025-09-24 14:06:13,655 - werkzeug - INFO -  * Debugger PIN: 145-798-001
2025-09-24 14:07:21,112 - werkzeug - INFO -  * Detected change in 'C:\\Users\\Admin\\Desktop\\Data_Science\\app\\utils\\preprocessor.py', reloading
2025-09-24 14:07:21,639 - werkzeug - INFO -  * Restarting with stat
2025-09-24 14:07:36,417 - app - INFO - Application initialized
2025-09-24 14:07:36,417 - app - INFO - Checking model files for car price prediction...
2025-09-24 14:07:36,417 - app - INFO - Model files already exist, skipping creation
2025-09-24 14:07:36,432 - werkzeug - INFO - [31m[1mWARNING: This is a development server. Do not use it in a production deployment. Use a production WSGI server instead.[0m
 * Running on all addresses (0.0.0.0)
 * Running on http://127.0.0.1:5000
 * Running on http://192.168.10.137:5000
2025-09-24 14:07:36,432 - werkzeug - INFO - [33mPress CTRL+C to quit[0m
2025-09-24 14:07:36,433 - werkzeug - INFO -  * Restarting with stat
2025-09-24 14:07:38,684 - app - INFO - Application initialized
2025-09-24 14:07:38,684 - app - INFO - Checking model files for car price prediction...
2025-09-24 14:07:38,684 - app - INFO - Model files already exist, skipping creation
2025-09-24 14:07:38,692 - werkzeug - WARNING -  * Debugger is active!
2025-09-24 14:07:38,696 - werkzeug - INFO -  * Debugger PIN: 145-798-001
2025-09-24 14:07:48,405 - app - INFO - First request processed
2025-09-24 14:07:48,516 - werkzeug - INFO - 127.0.0.1 - - [24/Sep/2025 14:07:48] "GET / HTTP/1.1" 200 -
2025-09-24 14:07:48,562 - werkzeug - INFO - 127.0.0.1 - - [24/Sep/2025 14:07:48] "[36mGET /static/css/style.css HTTP/1.1[0m" 304 -
2025-09-24 14:07:48,718 - werkzeug - INFO - 127.0.0.1 - - [24/Sep/2025 14:07:48] "[36mGET /static/js/main.js HTTP/1.1[0m" 304 -
2025-09-24 14:07:51,987 - werkzeug - INFO - 127.0.0.1 - - [24/Sep/2025 14:07:51] "[32mPOST /crawl HTTP/1.1[0m" 302 -
2025-09-24 14:07:51,990 - app.utils.crawler - INFO - CSV file initialized at: data\raw\raw.csv
2025-09-24 14:07:52,008 - app.utils.crawler - INFO - Starting crawl from page 1 to 1
2025-09-24 14:07:52,010 - app.utils.crawler - INFO - Crawling page: https://xe.chotot.com/mua-ban-oto?page=1
2025-09-24 14:07:52,023 - werkzeug - INFO - 127.0.0.1 - - [24/Sep/2025 14:07:52] "GET / HTTP/1.1" 200 -
2025-09-24 14:07:52,242 - werkzeug - INFO - 127.0.0.1 - - [24/Sep/2025 14:07:52] "[36mGET /static/css/style.css HTTP/1.1[0m" 304 -
2025-09-24 14:07:52,334 - werkzeug - INFO - 127.0.0.1 - - [24/Sep/2025 14:07:52] "[36mGET /static/js/main.js HTTP/1.1[0m" 304 -
2025-09-24 14:07:54,176 - app.utils.crawler - INFO - Response received from https://xe.chotot.com/mua-ban-oto?page=1: 802065 bytes
2025-09-24 14:07:54,274 - app.utils.crawler - INFO - Found 0 unique car URLs
2025-09-24 14:07:54,275 - app.utils.crawler - INFO - No URLs found in HTML, trying API...
2025-09-24 14:07:56,066 - app.utils.crawler - INFO - Response received from https://gateway.chotot.com/v1/public/ad-listing?cg=2010&limit=20&o=0&st=s,k&key_param_included=true: 108394 bytes
2025-09-24 14:07:56,068 - app.utils.crawler - INFO - Found 20 cars from API
2025-09-24 14:07:56,068 - app.utils.crawler - INFO - Found 20 cars on page 1
2025-09-24 14:07:58,508 - app.utils.crawler - INFO - Response received from https://xe.chotot.com/mua-ban-oto/127887081.htm: 170528 bytes
2025-09-24 14:07:58,525 - app.utils.crawler - INFO - Extracted car ID 127887081: Toyota Innova 2019 2.0E - 79000 km Chính ch\u1ee7 Bán, Price: 407000000, Year: 2019
2025-09-24 14:07:58,531 - app.utils.crawler - INFO - Saved car ID: 127887081 to CSV. Total cars: 1
2025-09-24 14:07:58,536 - app.utils.crawler - INFO - Successfully updated crawl log 31: records_count = 1
2025-09-24 14:07:58,536 - app.utils.crawler - INFO - Saved car: Toyota Innova 2019 2.0E - 79000 km Chính ch\u1ee7 Bán - ID: 127887081 - Total: 1
2025-09-24 14:08:00,285 - app.utils.crawler - INFO - Response received from https://xe.chotot.com/mua-ban-oto/127941301.htm: 149659 bytes
2025-09-24 14:08:00,304 - app.utils.crawler - INFO - Extracted car ID 127941301: Kia Forte 2011 SX 1.6 MT - 130000 km, Price: 165000000, Year: 2011
2025-09-24 14:08:00,304 - app.utils.crawler - INFO - Saved car ID: 127941301 to CSV. Total cars: 2
2025-09-24 14:08:00,310 - app.utils.crawler - INFO - Successfully updated crawl log 31: records_count = 2
2025-09-24 14:08:00,310 - app.utils.crawler - INFO - Saved car: Kia Forte 2011 SX 1.6 MT - 130000 km - ID: 127941301 - Total: 2
2025-09-24 14:08:01,843 - app.utils.crawler - INFO - Response received from https://xe.chotot.com/mua-ban-oto/127830492.htm: 166543 bytes
2025-09-24 14:08:01,860 - app.utils.crawler - INFO - Extracted car ID 127830492: VinFast Lux A2.0 2021 Premium 2.0 AT - 60000 km, Price: 595000000, Year: 2021
2025-09-24 14:08:01,860 - app.utils.crawler - INFO - Saved car ID: 127830492 to CSV. Total cars: 3
2025-09-24 14:08:01,872 - app.utils.crawler - INFO - Successfully updated crawl log 31: records_count = 3
2025-09-24 14:08:01,873 - app.utils.crawler - INFO - Saved car: VinFast Lux A2.0 2021 Premium 2.0 AT - 60000 km - ID: 127830492 - Total: 3
2025-09-24 14:08:03,875 - app.utils.crawler - INFO - Response received from https://xe.chotot.com/mua-ban-oto/127451112.htm: 161450 bytes
2025-09-24 14:08:03,890 - app.utils.crawler - INFO - Extracted car ID 127451112: Toyota Corolla Altis 2019 1.8G AT - 75000 km, Price: 485000000, Year: 2019
2025-09-24 14:08:03,890 - app.utils.crawler - INFO - Saved car ID: 127451112 to CSV. Total cars: 4
2025-09-24 14:08:03,900 - app.utils.crawler - INFO - Successfully updated crawl log 31: records_count = 4
2025-09-24 14:08:03,901 - app.utils.crawler - INFO - Saved car: Toyota Corolla Altis 2019 1.8G AT - 75000 km - ID: 127451112 - Total: 4
2025-09-24 14:08:05,744 - app.utils.crawler - INFO - Response received from https://xe.chotot.com/mua-ban-oto/127591529.htm: 159504 bytes
2025-09-24 14:08:05,760 - app.utils.crawler - INFO - Extracted car ID 127591529: Mercedes GLK300 2010 màu \u0111en c\u1ecdp, Price: 246000000, Year: 2011
2025-09-24 14:08:05,760 - app.utils.crawler - INFO - Saved car ID: 127591529 to CSV. Total cars: 5
2025-09-24 14:08:05,765 - app.utils.crawler - INFO - Successfully updated crawl log 31: records_count = 5
2025-09-24 14:08:05,765 - app.utils.crawler - INFO - Saved car: Mercedes GLK300 2010 màu \u0111en c\u1ecdp - ID: 127591529 - Total: 5
2025-09-24 14:08:07,775 - app.utils.crawler - INFO - Response received from https://xe.chotot.com/mua-ban-oto/127898291.htm: 153452 bytes
2025-09-24 14:08:07,790 - app.utils.crawler - INFO - Extracted car ID 127898291: Mercedes Benz E Class 2022 E300 AMG 28900 km, Price: 1899000000, Year: 2022
2025-09-24 14:08:07,790 - app.utils.crawler - INFO - Saved car ID: 127898291 to CSV. Total cars: 6
2025-09-24 14:08:07,796 - app.utils.crawler - INFO - Successfully updated crawl log 31: records_count = 6
2025-09-24 14:08:07,796 - app.utils.crawler - INFO - Saved car: Mercedes Benz E Class 2022 E300 AMG 28900 km - ID: 127898291 - Total: 6
2025-09-24 14:08:08,458 - werkzeug - INFO - 127.0.0.1 - - [24/Sep/2025 14:08:08] "GET /api/crawl-status/31 HTTP/1.1" 200 -
2025-09-24 14:08:10,974 - app.utils.crawler - INFO - Response received from https://xe.chotot.com/mua-ban-oto/127941260.htm: 144820 bytes
2025-09-24 14:08:10,988 - app.utils.crawler - INFO - Extracted car ID 127941260: Lexus LM 500h 2025, Price: 7290000000, Year: 2025
2025-09-24 14:08:10,988 - app.utils.crawler - INFO - Saved car ID: 127941260 to CSV. Total cars: 7
2025-09-24 14:08:10,993 - app.utils.crawler - INFO - Successfully updated crawl log 31: records_count = 7
2025-09-24 14:08:10,993 - app.utils.crawler - INFO - Saved car: Lexus LM 500h 2025 - ID: 127941260 - Total: 7
2025-09-24 14:08:12,770 - app.utils.crawler - INFO - Response received from https://xe.chotot.com/mua-ban-oto/127941250.htm: 158677 bytes
2025-09-24 14:08:12,786 - app.utils.crawler - INFO - Extracted car ID 127941250: (Xe Hãng) Toyota Yaris Cross 2024 1.5AT - 35800 km, Price: 640000000, Year: 2024
2025-09-24 14:08:12,786 - app.utils.crawler - INFO - Saved car ID: 127941250 to CSV. Total cars: 8
2025-09-24 14:08:12,797 - app.utils.crawler - INFO - Successfully updated crawl log 31: records_count = 8
2025-09-24 14:08:12,797 - app.utils.crawler - INFO - Saved car: (Xe Hãng) Toyota Yaris Cross 2024 1.5AT - 35800 km - ID: 127941250 - Total: 8
2025-09-24 14:08:14,910 - app.utils.crawler - INFO - Response received from https://xe.chotot.com/mua-ban-oto/127916660.htm: 174389 bytes
2025-09-24 14:08:14,928 - app.utils.crawler - INFO - Extracted car ID 127916660: Ford Ranger XLS 4x2 2022 Odo 27.000 km Giá 5xx, Price: 579000000, Year: 2022
2025-09-24 14:08:14,928 - app.utils.crawler - INFO - Saved car ID: 127916660 to CSV. Total cars: 9
2025-09-24 14:08:14,937 - app.utils.crawler - INFO - Successfully updated crawl log 31: records_count = 9
2025-09-24 14:08:14,938 - app.utils.crawler - INFO - Saved car: Ford Ranger XLS 4x2 2022 Odo 27.000 km Giá 5xx - ID: 127916660 - Total: 9
2025-09-24 14:08:16,814 - app.utils.crawler - INFO - Response received from https://xe.chotot.com/mua-ban-oto/123014243.htm: 155400 bytes
2025-09-24 14:08:16,832 - app.utils.crawler - INFO - Extracted car ID 123014243: \U0001f534GI\u1ea2M 100% TR\u01af\u1edaC B\u1ea0  + B\u1ea2O HI\u1ec2M, Price: 418000000, Year: 2025
2025-09-24 14:08:16,833 - app.utils.crawler - INFO - Saved car ID: 123014243 to CSV. Total cars: 10
2025-09-24 14:08:16,838 - app.utils.crawler - INFO - Successfully updated crawl log 31: records_count = 10
2025-09-24 14:08:16,838 - app.utils.crawler - INFO - Saved car: \U0001f534GI\u1ea2M 100% TR\u01af\u1edaC B\u1ea0  + B\u1ea2O HI\u1ec2M - ID: 123014243 - Total: 10
2025-09-24 14:08:18,440 - app.utils.crawler - WARNING - Error fetching https://xe.chotot.com/mua-ban-oto/127941236.htm: 410 Client Error: Gone for url: https://xe.chotot.com/mua-ban-oto/127941236.htm. Retrying in 2 seconds...
2025-09-24 14:08:21,494 - app.utils.crawler - WARNING - Error fetching https://xe.chotot.com/mua-ban-oto/127941236.htm: 410 Client Error: Gone for url: https://xe.chotot.com/mua-ban-oto/127941236.htm. Retrying in 4 seconds...
2025-09-24 14:08:23,447 - werkzeug - INFO - 127.0.0.1 - - [24/Sep/2025 14:08:23] "GET /api/crawl-status/31 HTTP/1.1" 200 -
2025-09-24 14:08:26,702 - app.utils.crawler - WARNING - Error fetching https://xe.chotot.com/mua-ban-oto/127941236.htm: 410 Client Error: Gone for url: https://xe.chotot.com/mua-ban-oto/127941236.htm. Retrying in 6 seconds...
2025-09-24 14:08:32,702 - app.utils.crawler - ERROR - Failed to fetch https://xe.chotot.com/mua-ban-oto/127941236.htm after 3 attempts
2025-09-24 14:08:35,233 - app.utils.crawler - INFO - Response received from https://xe.chotot.com/mua-ban-oto/127941215.htm: 186240 bytes
2025-09-24 14:08:35,258 - app.utils.crawler - INFO - Extracted car ID 127941215: Porsche Panamera 4 Executive Model 2024, Price: 6478000000, Year: 2023
2025-09-24 14:08:35,258 - app.utils.crawler - INFO - Saved car ID: 127941215 to CSV. Total cars: 11
2025-09-24 14:08:35,262 - app.utils.crawler - INFO - Successfully updated crawl log 31: records_count = 11
2025-09-24 14:08:35,263 - app.utils.crawler - INFO - Saved car: Porsche Panamera 4 Executive Model 2024 - ID: 127941215 - Total: 11
2025-09-24 14:08:36,816 - app.utils.crawler - INFO - Response received from https://xe.chotot.com/mua-ban-oto/125921973.htm: 187820 bytes
2025-09-24 14:08:36,833 - app.utils.crawler - INFO - Extracted car ID 125921973: Kia Sorento 2017 2WD 2.4 GAT - 40000 km, Price: 469000000, Year: 2017
2025-09-24 14:08:36,834 - app.utils.crawler - INFO - Saved car ID: 125921973 to CSV. Total cars: 12
2025-09-24 14:08:36,845 - app.utils.crawler - INFO - Successfully updated crawl log 31: records_count = 12
2025-09-24 14:08:36,845 - app.utils.crawler - INFO - Saved car: Kia Sorento 2017 2WD 2.4 GAT - 40000 km - ID: 125921973 - Total: 12
2025-09-24 14:08:38,455 - werkzeug - INFO - 127.0.0.1 - - [24/Sep/2025 14:08:38] "GET /api/crawl-status/31 HTTP/1.1" 200 -
2025-09-24 14:08:38,520 - app.utils.crawler - INFO - Response received from https://xe.chotot.com/mua-ban-oto/127664796.htm: 179584 bytes
2025-09-24 14:08:38,538 - app.utils.crawler - INFO - Extracted car ID 127664796: 2009 Super Wagon 2.7 - 150000 km, Price: 239000000, Year: 2009
2025-09-24 14:08:38,538 - app.utils.crawler - INFO - Saved car ID: 127664796 to CSV. Total cars: 13
2025-09-24 14:08:38,544 - app.utils.crawler - INFO - Successfully updated crawl log 31: records_count = 13
2025-09-24 14:08:38,544 - app.utils.crawler - INFO - Saved car: 2009 Super Wagon 2.7 - 150000 km - ID: 127664796 - Total: 13
2025-09-24 14:08:40,563 - app.utils.crawler - INFO - Response received from https://xe.chotot.com/mua-ban-oto/127941161.htm: 157476 bytes
2025-09-24 14:08:40,578 - app.utils.crawler - INFO - Extracted car ID 127941161: 2005 LS 1.5 - 200000 km, Price: 35000000, Year: 2005
2025-09-24 14:08:40,578 - app.utils.crawler - INFO - Saved car ID: 127941161 to CSV. Total cars: 14
2025-09-24 14:08:40,583 - app.utils.crawler - INFO - Successfully updated crawl log 31: records_count = 14
2025-09-24 14:08:40,583 - app.utils.crawler - INFO - Saved car: 2005 LS 1.5 - 200000 km - ID: 127941161 - Total: 14
2025-09-24 14:08:42,912 - app.utils.crawler - INFO - Response received from https://xe.chotot.com/mua-ban-oto/127941151.htm: 157717 bytes
2025-09-24 14:08:42,929 - app.utils.crawler - INFO - Extracted car ID 127941151: Vinfast Lux A base 2022 siêu l\u01b0\u1edbt 37km, Price: 569000000, Year: 2022
2025-09-24 14:08:42,929 - app.utils.crawler - INFO - Saved car ID: 127941151 to CSV. Total cars: 15
2025-09-24 14:08:42,933 - app.utils.crawler - INFO - Successfully updated crawl log 31: records_count = 15
2025-09-24 14:08:42,933 - app.utils.crawler - INFO - Saved car: Vinfast Lux A base 2022 siêu l\u01b0\u1edbt 37km - ID: 127941151 - Total: 15
2025-09-24 14:08:45,374 - app.utils.crawler - WARNING - Error fetching https://xe.chotot.com/mua-ban-oto/127531911.htm: 410 Client Error: Gone for url: https://xe.chotot.com/mua-ban-oto-quan-12-tp-ho-chi-minh/127531911.htm. Retrying in 2 seconds...
2025-09-24 14:08:48,807 - app.utils.crawler - WARNING - Error fetching https://xe.chotot.com/mua-ban-oto/127531911.htm: 410 Client Error: Gone for url: https://xe.chotot.com/mua-ban-oto-quan-12-tp-ho-chi-minh/127531911.htm. Retrying in 4 seconds...
2025-09-24 14:08:53,446 - werkzeug - INFO - 127.0.0.1 - - [24/Sep/2025 14:08:53] "GET /api/crawl-status/31 HTTP/1.1" 200 -
2025-09-24 14:08:54,179 - app.utils.crawler - WARNING - Error fetching https://xe.chotot.com/mua-ban-oto/127531911.htm: 410 Client Error: Gone for url: https://xe.chotot.com/mua-ban-oto-quan-12-tp-ho-chi-minh/127531911.htm. Retrying in 6 seconds...
2025-09-24 14:09:00,179 - app.utils.crawler - ERROR - Failed to fetch https://xe.chotot.com/mua-ban-oto/127531911.htm after 3 attempts
2025-09-24 14:09:02,128 - app.utils.crawler - INFO - Response received from https://xe.chotot.com/mua-ban-oto/127941120.htm: 137395 bytes
2025-09-24 14:09:02,141 - app.utils.crawler - INFO - Extracted car ID 127941120: Ford Everest 2.5L 4x2 MT 2008, Price: 185000000, Year: 2008
2025-09-24 14:09:02,142 - app.utils.crawler - INFO - Saved car ID: 127941120 to CSV. Total cars: 16
2025-09-24 14:09:02,146 - app.utils.crawler - INFO - Successfully updated crawl log 31: records_count = 16
2025-09-24 14:09:02,146 - app.utils.crawler - INFO - Saved car: Ford Everest 2.5L 4x2 MT 2008 - ID: 127941120 - Total: 16
2025-09-24 14:09:04,866 - app.utils.crawler - INFO - Response received from https://xe.chotot.com/mua-ban-oto/124936081.htm: 170782 bytes
2025-09-24 14:09:04,882 - app.utils.crawler - INFO - Extracted car ID 124936081: Mercedes Benz E Class 2019 E200 Sport - 60000 km, Price: 1199000000, Year: 2019
2025-09-24 14:09:04,883 - app.utils.crawler - INFO - Saved car ID: 124936081 to CSV. Total cars: 17
2025-09-24 14:09:04,893 - app.utils.crawler - INFO - Successfully updated crawl log 31: records_count = 17
2025-09-24 14:09:04,893 - app.utils.crawler - INFO - Saved car: Mercedes Benz E Class 2019 E200 Sport - 60000 km - ID: 124936081 - Total: 17
2025-09-24 14:09:06,929 - app.utils.crawler - INFO - Response received from https://xe.chotot.com/mua-ban-oto/127620923.htm: 158376 bytes
2025-09-24 14:09:06,947 - app.utils.crawler - INFO - Extracted car ID 127620923: VF3, R\u1ea4T M\u1edaI, s\u01a1n Zin 100%, h\u01a1n 20 tri\u1ec7u ph\u1ee5 ki\u1ec7n, Price: 209000000, Year: 2024
2025-09-24 14:09:06,947 - app.utils.crawler - INFO - Saved car ID: 127620923 to CSV. Total cars: 18
2025-09-24 14:09:06,954 - app.utils.crawler - INFO - Successfully updated crawl log 31: records_count = 18
2025-09-24 14:09:06,954 - app.utils.crawler - INFO - Saved car: VF3, R\u1ea4T M\u1edaI, s\u01a1n Zin 100%, h\u01a1n 20 tri\u1ec7u ph\u1ee5 ki\u1ec7n - ID: 127620923 - Total: 18
2025-09-24 14:09:06,959 - app.utils.crawler - INFO - Successfully updated crawl log 31: records_count = 18
2025-09-24 14:09:07,960 - app.utils.crawler - INFO - Successfully updated crawl log 31: records_count = 18
2025-09-24 14:09:07,961 - app.utils.crawler - INFO - Page 1: Crawled 18 cars
2025-09-24 14:09:08,459 - werkzeug - INFO - 127.0.0.1 - - [24/Sep/2025 14:09:08] "GET /api/crawl-status/31 HTTP/1.1" 200 -
2025-09-24 14:09:09,496 - app.utils.crawler - INFO - Successfully updated crawl log 31: records_count = 18
2025-09-24 14:09:09,496 - app.utils.crawler - INFO - Crawl completed! Total cars: 18
2025-09-24 14:09:09,496 - app.utils.crawler - INFO - CSV file closed
2025-09-24 14:09:23,282 - werkzeug - INFO - 127.0.0.1 - - [24/Sep/2025 14:09:23] "GET /api/crawl-status/31 HTTP/1.1" 200 -
2025-09-24 14:09:24,549 - app.utils.preprocessor - INFO - Starting preprocessing with absolute path: C:\Users\admin\Desktop\Data_Science\data\raw\raw.csv
2025-09-24 14:09:24,550 - werkzeug - INFO - 127.0.0.1 - - [24/Sep/2025 14:09:24] "[32mPOST /preprocess HTTP/1.1[0m" 302 -
2025-09-24 14:09:24,550 - app.utils.preprocessor - INFO - Input file size: 5726952 bytes
2025-09-24 14:09:24,557 - app.utils.preprocessor - INFO - Updated processing log 28
2025-09-24 14:09:24,558 - app.utils.preprocessor - INFO - Updated processing log 28
2025-09-24 14:09:24,558 - app.utils.preprocessor - INFO - Input file size: 5726952 bytes
2025-09-24 14:09:24,558 - app.utils.preprocessor - INFO - First 5 lines of input file:
2025-09-24 14:09:24,559 - app.utils.preprocessor - INFO - Line 1: id,title,brand,model,year,price,mileage,fuel_type,transmission,owners,origin,car_type,seats,doors,version,condition,location,post_time,crawl_time,drivetrain,engine_type,horse_power,torque,engine_capacity,fuel_consumption,air_bags,ground_clearance,weight,load_capacity
2025-09-24 14:09:24,559 - app.utils.preprocessor - INFO - Line 2: \u1ecf,Mercedes Benz E Class 2010 E250 - 80000 km,Mercedes Benz,E Class,2010,320000000,80000,X\u0103ng,T\u1ef1 \u0111\u1ed9ng,,Vi\u1ec7t Nam,Sedan,5,,,\u0110ã s\u1eed d\u1ee5ng,"Xã Hi\u1ec7p An, Th\u1ecb xã Kinh Môn, H\u1ea3i D\u01b0\u01a1ng",\u0110\u0103ng 1 phút tr\u01b0\u1edbc,2025-05-13 12:45:11,,,,,,,,,> 1 t\u1ea5n,> 2 t\u1ea5n
2025-09-24 14:09:24,559 - app.utils.preprocessor - INFO - Line 3: 124407149,Kia Sedona 2020  2.2 DATH full d\u1ea7u xe r\u1ea5t m\u1edbi HI\u1ebeM,Kia,Sedona,2020,845000000,85689,D\u1ea7u,T\u1ef1 \u0111\u1ed9ng,,\u0110ang c\u1eadp nh\u1eadt,--,,,,\u0110ã s\u1eed d\u1ee5ng,"Ph\u01b0\u1eddng H\u1ea1 \u0110ình, Qu\u1eadn Thanh Xuân, Hà N\u1ed9i",\u0110\u0103ng 2 phút tr\u01b0\u1edbc,2025-05-13 12:45:12,,,,,,,,,> 1 t\u1ea5n,> 2 t\u1ea5n
2025-09-24 14:09:24,559 - app.utils.preprocessor - INFO - Line 4: 121332884,Kia Sorento GATH 2016 AT2.4 Full k\u1ecbch,Kia,Sorento,2016,455000000,100000,D\u1ea7u,T\u1ef1 \u0111\u1ed9ng,,\u0110ang c\u1eadp nh\u1eadt,SUV / Cross over,7,,,\u0110ã s\u1eed d\u1ee5ng,"Th\u1ecb tr\u1ea5n \u0110ông Anh, Huy\u1ec7n \u0110ông Anh, Hà N\u1ed9i",\u0110\u0103ng 1 tháng tr\u01b0\u1edbc,2025-05-13 12:45:12,,,,,,,,,> 1 t\u1ea5n,> 2 t\u1ea5n
2025-09-24 14:09:24,559 - app.utils.preprocessor - INFO - Line 5: 124296461,Hyundai Santa Fe 2013 2.4L 4WD - 107000 km,Hyundai,Santa Fe,2013,485000000,107000,X\u0103ng,T\u1ef1 \u0111\u1ed9ng,1,Hàn Qu\u1ed1c,SUV / Cross over,7,,,\u0110ã s\u1eed d\u1ee5ng,"Ph\u01b0\u1eddng 2, Qu\u1eadn Tân Bình, Tp H\u1ed3 Chí Minh",\u0110\u0103ng 9 phút tr\u01b0\u1edbc,2025-05-13 12:45:12,,,,,,,,,> 1 t\u1ea5n,> 2 t\u1ea5n
2025-09-24 14:09:24,559 - app.utils.preprocessor - INFO - Loading data from C:\Users\admin\Desktop\Data_Science\data\raw\raw.csv
2025-09-24 14:09:24,740 - app.utils.preprocessor - INFO - First 5 rows of DataFrame:
2025-09-24 14:09:24,741 - app.utils.preprocessor - INFO - Row 0: {'id': '\u1ecf', 'title': 'Mercedes Benz E Class 2010 E250 - 80000 km', 'brand': 'Mercedes Benz', 'model': 'E Class', 'year': 2010.0, 'price': 320000000, 'mileage': 80000.0, 'fuel_type': 'X\u0103ng', 'transmission': 'T\u1ef1 \u0111\u1ed9ng', 'owners': nan, 'origin': 'Vi\u1ec7t Nam', 'car_type': 'Sedan', 'seats': 5.0, 'doors': nan, 'version': nan, 'condition': '\u0110ã s\u1eed d\u1ee5ng', 'location': 'Xã Hi\u1ec7p An, Th\u1ecb xã Kinh Môn, H\u1ea3i D\u01b0\u01a1ng', 'post_time': '\u0110\u0103ng 1 phút tr\u01b0\u1edbc', 'crawl_time': '2025-05-13 12:45:11', 'drivetrain': nan, 'engine_type': nan, 'horse_power': nan, 'torque': nan, 'engine_capacity': nan, 'fuel_consumption': nan, 'air_bags': nan, 'ground_clearance': nan, 'weight': '> 1 t\u1ea5n', 'load_capacity': '> 2 t\u1ea5n'}
2025-09-24 14:09:24,741 - app.utils.preprocessor - INFO - Row 1: {'id': '124407149', 'title': 'Kia Sedona 2020  2.2 DATH full d\u1ea7u xe r\u1ea5t m\u1edbi HI\u1ebeM', 'brand': 'Kia', 'model': 'Sedona', 'year': 2020.0, 'price': 845000000, 'mileage': 85689.0, 'fuel_type': 'D\u1ea7u', 'transmission': 'T\u1ef1 \u0111\u1ed9ng', 'owners': nan, 'origin': '\u0110ang c\u1eadp nh\u1eadt', 'car_type': '--', 'seats': nan, 'doors': nan, 'version': nan, 'condition': '\u0110ã s\u1eed d\u1ee5ng', 'location': 'Ph\u01b0\u1eddng H\u1ea1 \u0110ình, Qu\u1eadn Thanh Xuân, Hà N\u1ed9i', 'post_time': '\u0110\u0103ng 2 phút tr\u01b0\u1edbc', 'crawl_time': '2025-05-13 12:45:12', 'drivetrain': nan, 'engine_type': nan, 'horse_power': nan, 'torque': nan, 'engine_capacity': nan, 'fuel_consumption': nan, 'air_bags': nan, 'ground_clearance': nan, 'weight': '> 1 t\u1ea5n', 'load_capacity': '> 2 t\u1ea5n'}
2025-09-24 14:09:24,741 - app.utils.preprocessor - INFO - Row 2: {'id': '121332884', 'title': 'Kia Sorento GATH 2016 AT2.4 Full k\u1ecbch', 'brand': 'Kia', 'model': 'Sorento', 'year': 2016.0, 'price': 455000000, 'mileage': 100000.0, 'fuel_type': 'D\u1ea7u', 'transmission': 'T\u1ef1 \u0111\u1ed9ng', 'owners': nan, 'origin': '\u0110ang c\u1eadp nh\u1eadt', 'car_type': 'SUV / Cross over', 'seats': 7.0, 'doors': nan, 'version': nan, 'condition': '\u0110ã s\u1eed d\u1ee5ng', 'location': 'Th\u1ecb tr\u1ea5n \u0110ông Anh, Huy\u1ec7n \u0110ông Anh, Hà N\u1ed9i', 'post_time': '\u0110\u0103ng 1 tháng tr\u01b0\u1edbc', 'crawl_time': '2025-05-13 12:45:12', 'drivetrain': nan, 'engine_type': nan, 'horse_power': nan, 'torque': nan, 'engine_capacity': nan, 'fuel_consumption': nan, 'air_bags': nan, 'ground_clearance': nan, 'weight': '> 1 t\u1ea5n', 'load_capacity': '> 2 t\u1ea5n'}
2025-09-24 14:09:24,741 - app.utils.preprocessor - INFO - Row 3: {'id': '124296461', 'title': 'Hyundai Santa Fe 2013 2.4L 4WD - 107000 km', 'brand': 'Hyundai', 'model': 'Santa Fe', 'year': 2013.0, 'price': 485000000, 'mileage': 107000.0, 'fuel_type': 'X\u0103ng', 'transmission': 'T\u1ef1 \u0111\u1ed9ng', 'owners': 1.0, 'origin': 'Hàn Qu\u1ed1c', 'car_type': 'SUV / Cross over', 'seats': 7.0, 'doors': nan, 'version': nan, 'condition': '\u0110ã s\u1eed d\u1ee5ng', 'location': 'Ph\u01b0\u1eddng 2, Qu\u1eadn Tân Bình, Tp H\u1ed3 Chí Minh', 'post_time': '\u0110\u0103ng 9 phút tr\u01b0\u1edbc', 'crawl_time': '2025-05-13 12:45:12', 'drivetrain': nan, 'engine_type': nan, 'horse_power': nan, 'torque': nan, 'engine_capacity': nan, 'fuel_consumption': nan, 'air_bags': nan, 'ground_clearance': nan, 'weight': '> 1 t\u1ea5n', 'load_capacity': '> 2 t\u1ea5n'}
2025-09-24 14:09:24,742 - app.utils.preprocessor - INFO - Row 4: {'id': '124942994', 'title': 'HONDA HRV G 2024 - S\u01a1n ZIN - Odo 3.700km - M\u1edaI KEN', 'brand': 'Honda', 'model': 'HR-V', 'year': 2024.0, 'price': 690000000, 'mileage': 3700.0, 'fuel_type': 'X\u0103ng', 'transmission': 'T\u1ef1 \u0111\u1ed9ng', 'owners': nan, 'origin': 'Thái Lan', 'car_type': 'SUV / Cross over', 'seats': 5.0, 'doors': nan, 'version': nan, 'condition': '\u0110ã s\u1eed d\u1ee5ng', 'location': 'Ph\u01b0\u1eddng Tân Phong, Qu\u1eadn 7, Tp H\u1ed3 Chí Minh', 'post_time': '\u0110\u0103ng 4 phút tr\u01b0\u1edbc', 'crawl_time': '2025-05-13 12:45:13', 'drivetrain': nan, 'engine_type': nan, 'horse_power': nan, 'torque': nan, 'engine_capacity': nan, 'fuel_consumption': nan, 'air_bags': nan, 'ground_clearance': nan, 'weight': '> 1 t\u1ea5n', 'load_capacity': '> 2 t\u1ea5n'}
2025-09-24 14:09:24,742 - app.utils.preprocessor - INFO - Initial data: 20067 rows, 29 columns
2025-09-24 14:09:24,742 - app.utils.preprocessor - INFO - DataFrame columns: ['id', 'title', 'brand', 'model', 'year', 'price', 'mileage', 'fuel_type', 'transmission', 'owners', 'origin', 'car_type', 'seats', 'doors', 'version', 'condition', 'location', 'post_time', 'crawl_time', 'drivetrain', 'engine_type', 'horse_power', 'torque', 'engine_capacity', 'fuel_consumption', 'air_bags', 'ground_clearance', 'weight', 'load_capacity']
2025-09-24 14:09:24,765 - app.utils.preprocessor - INFO - Data after column selection: 20067 rows, 12 columns
2025-09-24 14:09:24,765 - app.utils.preprocessor - INFO - Columns: ['brand', 'model', 'year', 'mileage', 'fuel_type', 'transmission', 'owners', 'origin', 'car_type', 'seats', 'condition', 'price']
2025-09-24 14:09:24,765 - app.utils.preprocessor - INFO - Missing values count:
2025-09-24 14:09:24,765 - app.utils.preprocessor - INFO -   brand: 0
2025-09-24 14:09:24,766 - app.utils.preprocessor - INFO -   model: 0
2025-09-24 14:09:24,766 - app.utils.preprocessor - INFO -   year: 20
2025-09-24 14:09:24,766 - app.utils.preprocessor - INFO -   mileage: 1798
2025-09-24 14:09:24,767 - app.utils.preprocessor - INFO -   fuel_type: 0
2025-09-24 14:09:24,768 - app.utils.preprocessor - INFO -   transmission: 0
2025-09-24 14:09:24,768 - app.utils.preprocessor - INFO -   owners: 11181
2025-09-24 14:09:24,769 - app.utils.preprocessor - INFO -   origin: 0
2025-09-24 14:09:24,769 - app.utils.preprocessor - INFO -   car_type: 13
2025-09-24 14:09:24,770 - app.utils.preprocessor - INFO -   seats: 2155
2025-09-24 14:09:24,770 - app.utils.preprocessor - INFO -   condition: 0
2025-09-24 14:09:24,770 - app.utils.preprocessor - INFO -   price: 0
2025-09-24 14:09:24,774 - app.utils.preprocessor - INFO - Filtered by year >= 2000: Removed 263 rows
2025-09-24 14:09:24,778 - app.utils.preprocessor - INFO - Filtered origin != '\u0110ang c\u1eadp nh\u1eadt': Removed 2134 rows
2025-09-24 14:09:24,781 - app.utils.preprocessor - INFO - Filtered car_type != '--': Removed 1868 rows
2025-09-24 14:09:24,783 - app.utils.preprocessor - INFO - Dropped 'owners' column
2025-09-24 14:09:24,787 - app.utils.preprocessor - INFO - Rows with at least one null value: 1927
2025-09-24 14:09:24,792 - app.utils.preprocessor - INFO - After dropping null rows: 13875 rows left
2025-09-24 14:09:24,802 - app.utils.preprocessor - INFO - Duplicate rows: 1027
2025-09-24 14:09:24,809 - app.utils.preprocessor - INFO - After dropping duplicates: 12848 rows left
2025-09-24 14:09:24,814 - app.utils.preprocessor - INFO - Filtered brand with few samples: Removed 100 rows
2025-09-24 14:09:24,817 - app.utils.preprocessor - INFO - Filtered model with few samples: Removed 528 rows
2025-09-24 14:09:24,820 - app.utils.preprocessor - INFO - Filtered transmission with few samples: Removed 5 rows
2025-09-24 14:09:24,825 - app.utils.preprocessor - INFO - Filtered car_type with few samples: Removed 7 rows
2025-09-24 14:09:24,825 - app.utils.preprocessor - INFO - After iteration 1: 12208 rows left
2025-09-24 14:09:24,835 - app.utils.preprocessor - INFO - After iteration 2: 12208 rows left
2025-09-24 14:09:24,837 - app.utils.preprocessor - INFO - Dropped 'condition' column - only has one value
2025-09-24 14:09:24,837 - app.utils.preprocessor - INFO - Initial price range: 5,000,000 - 20,000,000,000 VND
2025-09-24 14:09:24,837 - app.utils.preprocessor - INFO - Removing 22 cars with price > 5 billion VND
2025-09-24 14:09:24,840 - app.utils.preprocessor - INFO - Removing 538 cars with price < 100 million VND
2025-09-24 14:09:24,841 - app.utils.preprocessor - INFO - Updated price range: 102,000,000 - 4,999,000,000 VND
2025-09-24 14:09:24,841 - app.utils.preprocessor - INFO - Final data statistics:
2025-09-24 14:09:24,844 - app.utils.preprocessor - INFO - Rows with any null value: 0
2025-09-24 14:09:24,851 - app.utils.preprocessor - INFO - Duplicate rows: 0
2025-09-24 14:09:24,851 - werkzeug - INFO - 127.0.0.1 - - [24/Sep/2025 14:09:24] "GET / HTTP/1.1" 200 -
2025-09-24 14:09:24,851 - app.utils.preprocessor - INFO - Final data: 11628 rows, 10 columns
2025-09-24 14:09:24,852 - app.utils.preprocessor - INFO - Columns: ['brand', 'model', 'year', 'mileage', 'fuel_type', 'transmission', 'origin', 'car_type', 'seats', 'price']
2025-09-24 14:09:24,902 - app.utils.preprocessor - INFO - Preprocessed data saved to data\preprocessing\cleaned.csv
2025-09-24 14:09:24,907 - app.utils.preprocessor - INFO - Updated processing log 28
2025-09-24 14:09:24,907 - app.utils.preprocessor - INFO - Preprocessing completed with result: True
2025-09-24 14:09:25,175 - werkzeug - INFO - 127.0.0.1 - - [24/Sep/2025 14:09:25] "[36mGET /static/css/style.css HTTP/1.1[0m" 304 -
2025-09-24 14:09:25,176 - werkzeug - INFO - 127.0.0.1 - - [24/Sep/2025 14:09:25] "[36mGET /static/js/main.js HTTP/1.1[0m" 304 -
2025-09-24 14:09:34,454 - werkzeug - INFO - 127.0.0.1 - - [24/Sep/2025 14:09:34] "GET /api/crawl-status/28 HTTP/1.1" 200 -
2025-09-24 14:09:38,141 - werkzeug - INFO - 127.0.0.1 - - [24/Sep/2025 14:09:38] "GET / HTTP/1.1" 200 -
2025-09-24 14:09:38,445 - werkzeug - INFO - 127.0.0.1 - - [24/Sep/2025 14:09:38] "[36mGET /static/css/style.css HTTP/1.1[0m" 304 -
2025-09-24 14:09:38,460 - werkzeug - INFO - 127.0.0.1 - - [24/Sep/2025 14:09:38] "[36mGET /static/js/main.js HTTP/1.1[0m" 304 -
2025-09-24 14:09:55,227 - app.utils.preprocessor - INFO - Starting preprocessing with absolute path: C:\Users\admin\Desktop\Data_Science\data\raw\raw.csv
2025-09-24 14:09:55,229 - werkzeug - INFO - 127.0.0.1 - - [24/Sep/2025 14:09:55] "[32mPOST /preprocess HTTP/1.1[0m" 302 -
2025-09-24 14:09:55,229 - app.utils.preprocessor - INFO - Input file size: 5726952 bytes
2025-09-24 14:09:55,235 - app.utils.preprocessor - INFO - Updated processing log 29
2025-09-24 14:09:55,237 - app.utils.preprocessor - INFO - Updated processing log 29
2025-09-24 14:09:55,237 - app.utils.preprocessor - INFO - Input file size: 5726952 bytes
2025-09-24 14:09:55,237 - app.utils.preprocessor - INFO - First 5 lines of input file:
2025-09-24 14:09:55,237 - app.utils.preprocessor - INFO - Line 1: id,title,brand,model,year,price,mileage,fuel_type,transmission,owners,origin,car_type,seats,doors,version,condition,location,post_time,crawl_time,drivetrain,engine_type,horse_power,torque,engine_capacity,fuel_consumption,air_bags,ground_clearance,weight,load_capacity
2025-09-24 14:09:55,237 - app.utils.preprocessor - INFO - Line 2: \u1ecf,Mercedes Benz E Class 2010 E250 - 80000 km,Mercedes Benz,E Class,2010,320000000,80000,X\u0103ng,T\u1ef1 \u0111\u1ed9ng,,Vi\u1ec7t Nam,Sedan,5,,,\u0110ã s\u1eed d\u1ee5ng,"Xã Hi\u1ec7p An, Th\u1ecb xã Kinh Môn, H\u1ea3i D\u01b0\u01a1ng",\u0110\u0103ng 1 phút tr\u01b0\u1edbc,2025-05-13 12:45:11,,,,,,,,,> 1 t\u1ea5n,> 2 t\u1ea5n
2025-09-24 14:09:55,237 - app.utils.preprocessor - INFO - Line 3: 124407149,Kia Sedona 2020  2.2 DATH full d\u1ea7u xe r\u1ea5t m\u1edbi HI\u1ebeM,Kia,Sedona,2020,845000000,85689,D\u1ea7u,T\u1ef1 \u0111\u1ed9ng,,\u0110ang c\u1eadp nh\u1eadt,--,,,,\u0110ã s\u1eed d\u1ee5ng,"Ph\u01b0\u1eddng H\u1ea1 \u0110ình, Qu\u1eadn Thanh Xuân, Hà N\u1ed9i",\u0110\u0103ng 2 phút tr\u01b0\u1edbc,2025-05-13 12:45:12,,,,,,,,,> 1 t\u1ea5n,> 2 t\u1ea5n
2025-09-24 14:09:55,237 - app.utils.preprocessor - INFO - Line 4: 121332884,Kia Sorento GATH 2016 AT2.4 Full k\u1ecbch,Kia,Sorento,2016,455000000,100000,D\u1ea7u,T\u1ef1 \u0111\u1ed9ng,,\u0110ang c\u1eadp nh\u1eadt,SUV / Cross over,7,,,\u0110ã s\u1eed d\u1ee5ng,"Th\u1ecb tr\u1ea5n \u0110ông Anh, Huy\u1ec7n \u0110ông Anh, Hà N\u1ed9i",\u0110\u0103ng 1 tháng tr\u01b0\u1edbc,2025-05-13 12:45:12,,,,,,,,,> 1 t\u1ea5n,> 2 t\u1ea5n
2025-09-24 14:09:55,237 - app.utils.preprocessor - INFO - Line 5: 124296461,Hyundai Santa Fe 2013 2.4L 4WD - 107000 km,Hyundai,Santa Fe,2013,485000000,107000,X\u0103ng,T\u1ef1 \u0111\u1ed9ng,1,Hàn Qu\u1ed1c,SUV / Cross over,7,,,\u0110ã s\u1eed d\u1ee5ng,"Ph\u01b0\u1eddng 2, Qu\u1eadn Tân Bình, Tp H\u1ed3 Chí Minh",\u0110\u0103ng 9 phút tr\u01b0\u1edbc,2025-05-13 12:45:12,,,,,,,,,> 1 t\u1ea5n,> 2 t\u1ea5n
2025-09-24 14:09:55,237 - app.utils.preprocessor - INFO - Loading data from C:\Users\admin\Desktop\Data_Science\data\raw\raw.csv
2025-09-24 14:09:55,253 - werkzeug - INFO - 127.0.0.1 - - [24/Sep/2025 14:09:55] "GET / HTTP/1.1" 200 -
2025-09-24 14:09:55,404 - app.utils.preprocessor - INFO - First 5 rows of DataFrame:
2025-09-24 14:09:55,405 - app.utils.preprocessor - INFO - Row 0: {'id': '\u1ecf', 'title': 'Mercedes Benz E Class 2010 E250 - 80000 km', 'brand': 'Mercedes Benz', 'model': 'E Class', 'year': 2010.0, 'price': 320000000, 'mileage': 80000.0, 'fuel_type': 'X\u0103ng', 'transmission': 'T\u1ef1 \u0111\u1ed9ng', 'owners': nan, 'origin': 'Vi\u1ec7t Nam', 'car_type': 'Sedan', 'seats': 5.0, 'doors': nan, 'version': nan, 'condition': '\u0110ã s\u1eed d\u1ee5ng', 'location': 'Xã Hi\u1ec7p An, Th\u1ecb xã Kinh Môn, H\u1ea3i D\u01b0\u01a1ng', 'post_time': '\u0110\u0103ng 1 phút tr\u01b0\u1edbc', 'crawl_time': '2025-05-13 12:45:11', 'drivetrain': nan, 'engine_type': nan, 'horse_power': nan, 'torque': nan, 'engine_capacity': nan, 'fuel_consumption': nan, 'air_bags': nan, 'ground_clearance': nan, 'weight': '> 1 t\u1ea5n', 'load_capacity': '> 2 t\u1ea5n'}
2025-09-24 14:09:55,405 - app.utils.preprocessor - INFO - Row 1: {'id': '124407149', 'title': 'Kia Sedona 2020  2.2 DATH full d\u1ea7u xe r\u1ea5t m\u1edbi HI\u1ebeM', 'brand': 'Kia', 'model': 'Sedona', 'year': 2020.0, 'price': 845000000, 'mileage': 85689.0, 'fuel_type': 'D\u1ea7u', 'transmission': 'T\u1ef1 \u0111\u1ed9ng', 'owners': nan, 'origin': '\u0110ang c\u1eadp nh\u1eadt', 'car_type': '--', 'seats': nan, 'doors': nan, 'version': nan, 'condition': '\u0110ã s\u1eed d\u1ee5ng', 'location': 'Ph\u01b0\u1eddng H\u1ea1 \u0110ình, Qu\u1eadn Thanh Xuân, Hà N\u1ed9i', 'post_time': '\u0110\u0103ng 2 phút tr\u01b0\u1edbc', 'crawl_time': '2025-05-13 12:45:12', 'drivetrain': nan, 'engine_type': nan, 'horse_power': nan, 'torque': nan, 'engine_capacity': nan, 'fuel_consumption': nan, 'air_bags': nan, 'ground_clearance': nan, 'weight': '> 1 t\u1ea5n', 'load_capacity': '> 2 t\u1ea5n'}
2025-09-24 14:09:55,405 - app.utils.preprocessor - INFO - Row 2: {'id': '121332884', 'title': 'Kia Sorento GATH 2016 AT2.4 Full k\u1ecbch', 'brand': 'Kia', 'model': 'Sorento', 'year': 2016.0, 'price': 455000000, 'mileage': 100000.0, 'fuel_type': 'D\u1ea7u', 'transmission': 'T\u1ef1 \u0111\u1ed9ng', 'owners': nan, 'origin': '\u0110ang c\u1eadp nh\u1eadt', 'car_type': 'SUV / Cross over', 'seats': 7.0, 'doors': nan, 'version': nan, 'condition': '\u0110ã s\u1eed d\u1ee5ng', 'location': 'Th\u1ecb tr\u1ea5n \u0110ông Anh, Huy\u1ec7n \u0110ông Anh, Hà N\u1ed9i', 'post_time': '\u0110\u0103ng 1 tháng tr\u01b0\u1edbc', 'crawl_time': '2025-05-13 12:45:12', 'drivetrain': nan, 'engine_type': nan, 'horse_power': nan, 'torque': nan, 'engine_capacity': nan, 'fuel_consumption': nan, 'air_bags': nan, 'ground_clearance': nan, 'weight': '> 1 t\u1ea5n', 'load_capacity': '> 2 t\u1ea5n'}
2025-09-24 14:09:55,405 - app.utils.preprocessor - INFO - Row 3: {'id': '124296461', 'title': 'Hyundai Santa Fe 2013 2.4L 4WD - 107000 km', 'brand': 'Hyundai', 'model': 'Santa Fe', 'year': 2013.0, 'price': 485000000, 'mileage': 107000.0, 'fuel_type': 'X\u0103ng', 'transmission': 'T\u1ef1 \u0111\u1ed9ng', 'owners': 1.0, 'origin': 'Hàn Qu\u1ed1c', 'car_type': 'SUV / Cross over', 'seats': 7.0, 'doors': nan, 'version': nan, 'condition': '\u0110ã s\u1eed d\u1ee5ng', 'location': 'Ph\u01b0\u1eddng 2, Qu\u1eadn Tân Bình, Tp H\u1ed3 Chí Minh', 'post_time': '\u0110\u0103ng 9 phút tr\u01b0\u1edbc', 'crawl_time': '2025-05-13 12:45:12', 'drivetrain': nan, 'engine_type': nan, 'horse_power': nan, 'torque': nan, 'engine_capacity': nan, 'fuel_consumption': nan, 'air_bags': nan, 'ground_clearance': nan, 'weight': '> 1 t\u1ea5n', 'load_capacity': '> 2 t\u1ea5n'}
2025-09-24 14:09:55,405 - app.utils.preprocessor - INFO - Row 4: {'id': '124942994', 'title': 'HONDA HRV G 2024 - S\u01a1n ZIN - Odo 3.700km - M\u1edaI KEN', 'brand': 'Honda', 'model': 'HR-V', 'year': 2024.0, 'price': 690000000, 'mileage': 3700.0, 'fuel_type': 'X\u0103ng', 'transmission': 'T\u1ef1 \u0111\u1ed9ng', 'owners': nan, 'origin': 'Thái Lan', 'car_type': 'SUV / Cross over', 'seats': 5.0, 'doors': nan, 'version': nan, 'condition': '\u0110ã s\u1eed d\u1ee5ng', 'location': 'Ph\u01b0\u1eddng Tân Phong, Qu\u1eadn 7, Tp H\u1ed3 Chí Minh', 'post_time': '\u0110\u0103ng 4 phút tr\u01b0\u1edbc', 'crawl_time': '2025-05-13 12:45:13', 'drivetrain': nan, 'engine_type': nan, 'horse_power': nan, 'torque': nan, 'engine_capacity': nan, 'fuel_consumption': nan, 'air_bags': nan, 'ground_clearance': nan, 'weight': '> 1 t\u1ea5n', 'load_capacity': '> 2 t\u1ea5n'}
2025-09-24 14:09:55,405 - app.utils.preprocessor - INFO - Initial data: 20067 rows, 29 columns
2025-09-24 14:09:55,405 - app.utils.preprocessor - INFO - DataFrame columns: ['id', 'title', 'brand', 'model', 'year', 'price', 'mileage', 'fuel_type', 'transmission', 'owners', 'origin', 'car_type', 'seats', 'doors', 'version', 'condition', 'location', 'post_time', 'crawl_time', 'drivetrain', 'engine_type', 'horse_power', 'torque', 'engine_capacity', 'fuel_consumption', 'air_bags', 'ground_clearance', 'weight', 'load_capacity']
2025-09-24 14:09:55,412 - app.utils.preprocessor - INFO - Data after column selection: 20067 rows, 12 columns
2025-09-24 14:09:55,412 - app.utils.preprocessor - INFO - Columns: ['brand', 'model', 'year', 'mileage', 'fuel_type', 'transmission', 'owners', 'origin', 'car_type', 'seats', 'condition', 'price']
2025-09-24 14:09:55,413 - app.utils.preprocessor - INFO - Missing values count:
2025-09-24 14:09:55,413 - app.utils.preprocessor - INFO -   brand: 0
2025-09-24 14:09:55,414 - app.utils.preprocessor - INFO -   model: 0
2025-09-24 14:09:55,414 - app.utils.preprocessor - INFO -   year: 20
2025-09-24 14:09:55,414 - app.utils.preprocessor - INFO -   mileage: 1798
2025-09-24 14:09:55,415 - app.utils.preprocessor - INFO -   fuel_type: 0
2025-09-24 14:09:55,416 - app.utils.preprocessor - INFO -   transmission: 0
2025-09-24 14:09:55,416 - app.utils.preprocessor - INFO -   owners: 11181
2025-09-24 14:09:55,416 - app.utils.preprocessor - INFO -   origin: 0
2025-09-24 14:09:55,417 - app.utils.preprocessor - INFO -   car_type: 13
2025-09-24 14:09:55,418 - app.utils.preprocessor - INFO -   seats: 2155
2025-09-24 14:09:55,418 - app.utils.preprocessor - INFO -   condition: 0
2025-09-24 14:09:55,418 - app.utils.preprocessor - INFO -   price: 0
2025-09-24 14:09:55,421 - app.utils.preprocessor - INFO - Filtered by year >= 2000: Removed 263 rows
2025-09-24 14:09:55,425 - app.utils.preprocessor - INFO - Filtered origin != '\u0110ang c\u1eadp nh\u1eadt': Removed 2134 rows
2025-09-24 14:09:55,428 - app.utils.preprocessor - INFO - Filtered car_type != '--': Removed 1868 rows
2025-09-24 14:09:55,430 - app.utils.preprocessor - INFO - Dropped 'owners' column
2025-09-24 14:09:55,433 - app.utils.preprocessor - INFO - Rows with at least one null value: 1927
2025-09-24 14:09:55,438 - app.utils.preprocessor - INFO - After dropping null rows: 13875 rows left
2025-09-24 14:09:55,444 - app.utils.preprocessor - INFO - Duplicate rows: 1027
2025-09-24 14:09:55,452 - app.utils.preprocessor - INFO - After dropping duplicates: 12848 rows left
2025-09-24 14:09:55,454 - app.utils.preprocessor - INFO - Filtered brand with few samples: Removed 100 rows
2025-09-24 14:09:55,458 - app.utils.preprocessor - INFO - Filtered model with few samples: Removed 528 rows
2025-09-24 14:09:55,461 - app.utils.preprocessor - INFO - Filtered transmission with few samples: Removed 5 rows
2025-09-24 14:09:55,466 - app.utils.preprocessor - INFO - Filtered car_type with few samples: Removed 7 rows
2025-09-24 14:09:55,466 - app.utils.preprocessor - INFO - After iteration 1: 12208 rows left
2025-09-24 14:09:55,476 - app.utils.preprocessor - INFO - After iteration 2: 12208 rows left
2025-09-24 14:09:55,478 - app.utils.preprocessor - INFO - Dropped 'condition' column - only has one value
2025-09-24 14:09:55,480 - app.utils.preprocessor - INFO - Initial price range: 5,000,000 - 20,000,000,000 VND
2025-09-24 14:09:55,480 - app.utils.preprocessor - INFO - Removing 22 cars with price > 5 billion VND
2025-09-24 14:09:55,482 - werkzeug - INFO - 127.0.0.1 - - [24/Sep/2025 14:09:55] "[36mGET /static/css/style.css HTTP/1.1[0m" 304 -
2025-09-24 14:09:55,484 - app.utils.preprocessor - INFO - Removing 538 cars with price < 100 million VND
2025-09-24 14:09:55,487 - app.utils.preprocessor - INFO - Updated price range: 102,000,000 - 4,999,000,000 VND
2025-09-24 14:09:55,487 - app.utils.preprocessor - INFO - Final data statistics:
2025-09-24 14:09:55,490 - app.utils.preprocessor - INFO - Rows with any null value: 0
2025-09-24 14:09:55,495 - app.utils.preprocessor - INFO - Duplicate rows: 0
2025-09-24 14:09:55,495 - app.utils.preprocessor - INFO - Final data: 11628 rows, 10 columns
2025-09-24 14:09:55,495 - app.utils.preprocessor - INFO - Columns: ['brand', 'model', 'year', 'mileage', 'fuel_type', 'transmission', 'origin', 'car_type', 'seats', 'price']
2025-09-24 14:09:55,541 - app.utils.preprocessor - INFO - Preprocessed data saved to data\preprocessing\cleaned.csv
2025-09-24 14:09:55,545 - app.utils.preprocessor - INFO - Updated processing log 29
2025-09-24 14:09:55,545 - app.utils.preprocessor - INFO - Preprocessing completed with result: True
2025-09-24 14:09:55,571 - werkzeug - INFO - 127.0.0.1 - - [24/Sep/2025 14:09:55] "[36mGET /static/js/main.js HTTP/1.1[0m" 304 -
2025-09-24 14:10:04,453 - werkzeug - INFO - 127.0.0.1 - - [24/Sep/2025 14:10:04] "GET /api/crawl-status/29 HTTP/1.1" 200 -
2025-09-24 14:10:07,472 - werkzeug - INFO - 127.0.0.1 - - [24/Sep/2025 14:10:07] "GET / HTTP/1.1" 200 -
2025-09-24 14:10:07,784 - werkzeug - INFO - 127.0.0.1 - - [24/Sep/2025 14:10:07] "[36mGET /static/css/style.css HTTP/1.1[0m" 304 -
2025-09-24 14:10:07,785 - werkzeug - INFO - 127.0.0.1 - - [24/Sep/2025 14:10:07] "[36mGET /static/js/main.js HTTP/1.1[0m" 304 -
2025-09-24 14:10:09,445 - werkzeug - INFO - 127.0.0.1 - - [24/Sep/2025 14:10:09] "[32mPOST /import-to-db HTTP/1.1[0m" 302 -
2025-09-24 14:10:09,451 - werkzeug - INFO - 127.0.0.1 - - [24/Sep/2025 14:10:09] "GET / HTTP/1.1" 200 -
2025-09-24 14:10:09,708 - werkzeug - INFO - 127.0.0.1 - - [24/Sep/2025 14:10:09] "[36mGET /static/css/style.css HTTP/1.1[0m" 304 -
2025-09-24 14:10:09,771 - werkzeug - INFO - 127.0.0.1 - - [24/Sep/2025 14:10:09] "[36mGET /static/js/main.js HTTP/1.1[0m" 304 -
2025-09-24 14:11:56,479 - werkzeug - INFO -  * Detected change in 'C:\\Users\\Admin\\Desktop\\Data_Science\\app\\routes.py', reloading
2025-09-24 14:11:57,001 - werkzeug - INFO -  * Restarting with stat
2025-09-24 14:12:00,806 - app - INFO - Application initialized
2025-09-24 14:12:00,807 - app - INFO - Checking model files for car price prediction...
2025-09-24 14:12:00,807 - app - INFO - Model files already exist, skipping creation
2025-09-24 14:12:00,815 - werkzeug - WARNING -  * Debugger is active!
2025-09-24 14:12:00,819 - werkzeug - INFO -  * Debugger PIN: 145-798-001
2025-09-24 14:12:02,849 - werkzeug - INFO -  * Detected change in 'C:\\Users\\Admin\\Desktop\\Data_Science\\app\\routes.py', reloading
2025-09-24 14:12:03,191 - werkzeug - INFO -  * Restarting with stat
2025-09-24 14:12:05,720 - app - INFO - Application initialized
2025-09-24 14:12:05,721 - app - INFO - Checking model files for car price prediction...
2025-09-24 14:12:05,721 - app - INFO - Model files already exist, skipping creation
2025-09-24 14:12:05,728 - werkzeug - WARNING -  * Debugger is active!
2025-09-24 14:12:05,731 - werkzeug - INFO -  * Debugger PIN: 145-798-001
2025-09-24 14:12:07,918 - app - INFO - First request processed
2025-09-24 14:12:07,920 - app - INFO - Starting import from C:\Users\Admin\Desktop\Data_Science\data\preprocessing\cleaned.csv at 2025-09-24 14:12:07.920653
2025-09-24 14:12:07,921 - app.utils.database - INFO - Importing data from C:\Users\Admin\Desktop\Data_Science\data\preprocessing\cleaned.csv
2025-09-24 14:12:07,922 - werkzeug - INFO - 127.0.0.1 - - [24/Sep/2025 14:12:07] "[32mPOST /import-to-db HTTP/1.1[0m" 302 -
2025-09-24 14:12:07,960 - werkzeug - INFO - 127.0.0.1 - - [24/Sep/2025 14:12:07] "GET / HTTP/1.1" 200 -
2025-09-24 14:12:07,967 - app.utils.database - INFO - Loaded 11628 rows from C:\Users\Admin\Desktop\Data_Science\data\preprocessing\cleaned.csv
2025-09-24 14:12:07,969 - app.utils.database - INFO - Found 25 unique brands
2025-09-24 14:12:07,987 - app.utils.database - INFO - Found 176 unique brand-model combinations
2025-09-24 14:12:08,176 - app.utils.database - INFO - Found 401 unique model-type combinations
2025-09-24 14:12:08,216 - werkzeug - INFO - 127.0.0.1 - - [24/Sep/2025 14:12:08] "[36mGET /static/css/style.css HTTP/1.1[0m" 304 -
2025-09-24 14:12:08,280 - werkzeug - INFO - 127.0.0.1 - - [24/Sep/2025 14:12:08] "[36mGET /static/js/main.js HTTP/1.1[0m" 304 -
2025-09-24 14:12:08,678 - app.utils.database - INFO - Found 4 unique fuel types
2025-09-24 14:12:08,681 - app.utils.database - INFO - Found 4 unique transmission types
2025-09-24 14:12:08,685 - app.utils.database - INFO - Found 26 unique years
2025-09-24 14:12:08,693 - app.utils.database - INFO - Found 10 unique seat counts
2025-09-24 14:12:08,698 - app.utils.database - INFO - Found 10 unique origins
2025-09-24 14:12:08,710 - app.utils.database - INFO - Import completed successfully!
2025-09-24 14:12:08,710 - app.utils.database - INFO - Brands: 25
2025-09-24 14:12:08,710 - app.utils.database - INFO - Models: 178
2025-09-24 14:12:08,710 - app.utils.database - INFO - Car Types: 405
2025-09-24 14:12:08,711 - app.utils.database - INFO - Fuel Types: 4
2025-09-24 14:12:08,711 - app.utils.database - INFO - Transmissions: 4
2025-09-24 14:12:08,711 - app.utils.database - INFO - Years: 26
2025-09-24 14:12:08,711 - app.utils.database - INFO - Seats: 10
2025-09-24 14:12:08,711 - app.utils.database - INFO - Origins: 10
2025-09-24 14:12:08,711 - app - INFO - Successfully imported data from C:\Users\Admin\Desktop\Data_Science\data\preprocessing\cleaned.csv in 0.79 seconds
2025-09-24 14:12:33,942 - werkzeug - INFO -  * Detected change in 'C:\\Users\\Admin\\Desktop\\Data_Science\\app\\routes.py', reloading
2025-09-24 14:12:34,478 - werkzeug - INFO -  * Restarting with stat
2025-09-24 14:12:37,210 - app - INFO - Application initialized
2025-09-24 14:12:37,210 - app - INFO - Checking model files for car price prediction...
2025-09-24 14:12:37,210 - app - INFO - Model files already exist, skipping creation
2025-09-24 14:12:37,217 - werkzeug - WARNING -  * Debugger is active!
2025-09-24 14:12:37,221 - werkzeug - INFO -  * Debugger PIN: 145-798-001
2025-09-24 14:12:44,292 - werkzeug - INFO -  * Detected change in 'C:\\Users\\Admin\\Desktop\\Data_Science\\app\\routes.py', reloading
2025-09-24 14:12:44,610 - werkzeug - INFO -  * Restarting with stat
2025-09-24 14:12:46,623 - app - INFO - Application initialized
2025-09-24 14:12:46,623 - app - INFO - Checking model files for car price prediction...
2025-09-24 14:12:46,623 - app - INFO - Model files already exist, skipping creation
2025-09-24 14:12:46,630 - werkzeug - WARNING -  * Debugger is active!
2025-09-24 14:12:46,634 - werkzeug - INFO -  * Debugger PIN: 145-798-001
2025-09-24 14:12:48,663 - werkzeug - INFO -  * Detected change in 'C:\\Users\\Admin\\Desktop\\Data_Science\\app\\routes.py', reloading
2025-09-24 14:12:49,085 - werkzeug - INFO -  * Restarting with stat
2025-09-24 14:12:51,914 - app - INFO - Application initialized
2025-09-24 14:12:51,914 - app - INFO - Checking model files for car price prediction...
2025-09-24 14:12:51,914 - app - INFO - Model files already exist, skipping creation
2025-09-24 14:12:51,921 - werkzeug - WARNING -  * Debugger is active!
2025-09-24 14:12:51,924 - werkzeug - INFO -  * Debugger PIN: 145-798-001
2025-09-24 14:12:52,947 - werkzeug - INFO -  * Detected change in 'C:\\Users\\Admin\\Desktop\\Data_Science\\app\\routes.py', reloading
2025-09-24 14:12:53,270 - werkzeug - INFO -  * Restarting with stat
2025-09-24 14:12:55,373 - app - INFO - Application initialized
2025-09-24 14:12:55,373 - app - INFO - Checking model files for car price prediction...
2025-09-24 14:12:55,373 - app - INFO - Model files already exist, skipping creation
2025-09-24 14:12:55,379 - werkzeug - WARNING -  * Debugger is active!
2025-09-24 14:12:55,382 - werkzeug - INFO -  * Debugger PIN: 145-798-001
2025-09-24 14:13:11,505 - werkzeug - INFO -  * Detected change in 'C:\\Users\\Admin\\Desktop\\Data_Science\\setup.py', reloading
2025-09-24 14:13:11,883 - werkzeug - INFO -  * Restarting with stat
2025-09-24 14:13:14,036 - app - INFO - Application initialized
2025-09-24 14:13:14,036 - app - INFO - Checking model files for car price prediction...
2025-09-24 14:13:14,036 - app - INFO - Model files already exist, skipping creation
2025-09-24 14:13:14,045 - werkzeug - WARNING -  * Debugger is active!
2025-09-24 14:13:14,050 - werkzeug - INFO -  * Debugger PIN: 145-798-001
2025-09-24 14:13:15,074 - werkzeug - INFO -  * Detected change in 'C:\\Users\\Admin\\Desktop\\Data_Science\\setup.py', reloading
2025-09-24 14:13:15,404 - werkzeug - INFO -  * Restarting with stat
2025-09-24 14:13:17,571 - app - INFO - Application initialized
2025-09-24 14:13:17,571 - app - INFO - Checking model files for car price prediction...
2025-09-24 14:13:17,571 - app - INFO - Model files already exist, skipping creation
2025-09-24 14:13:17,579 - werkzeug - WARNING -  * Debugger is active!
2025-09-24 14:13:17,582 - werkzeug - INFO -  * Debugger PIN: 145-798-001
2025-09-24 14:13:19,611 - werkzeug - INFO -  * Detected change in 'C:\\Users\\Admin\\Desktop\\Data_Science\\setup.py', reloading
2025-09-24 14:13:19,938 - werkzeug - INFO -  * Restarting with stat
2025-09-24 14:13:22,139 - app - INFO - Application initialized
2025-09-24 14:13:22,139 - app - INFO - Checking model files for car price prediction...
2025-09-24 14:13:22,139 - app - INFO - Model files already exist, skipping creation
2025-09-24 14:13:22,149 - werkzeug - WARNING -  * Debugger is active!
2025-09-24 14:13:22,153 - werkzeug - INFO -  * Debugger PIN: 145-798-001
2025-09-24 14:13:23,174 - werkzeug - INFO -  * Detected change in 'C:\\Users\\Admin\\Desktop\\Data_Science\\setup.py', reloading
2025-09-24 14:13:23,545 - werkzeug - INFO -  * Restarting with stat
2025-09-24 14:13:25,715 - app - INFO - Application initialized
2025-09-24 14:13:25,715 - app - INFO - Checking model files for car price prediction...
2025-09-24 14:13:25,715 - app - INFO - Model files already exist, skipping creation
2025-09-24 14:13:25,722 - werkzeug - WARNING -  * Debugger is active!
2025-09-24 14:13:25,726 - werkzeug - INFO -  * Debugger PIN: 145-798-001
2025-09-24 14:13:26,746 - werkzeug - INFO -  * Detected change in 'C:\\Users\\Admin\\Desktop\\Data_Science\\setup.py', reloading
2025-09-24 14:13:27,084 - werkzeug - INFO -  * Restarting with stat
2025-09-24 14:13:29,097 - app - INFO - Application initialized
2025-09-24 14:13:29,097 - app - INFO - Checking model files for car price prediction...
2025-09-24 14:13:29,097 - app - INFO - Model files already exist, skipping creation
2025-09-24 14:13:29,103 - werkzeug - WARNING -  * Debugger is active!
2025-09-24 14:13:29,107 - werkzeug - INFO -  * Debugger PIN: 145-798-001
2025-09-24 14:13:30,127 - werkzeug - INFO -  * Detected change in 'C:\\Users\\Admin\\Desktop\\Data_Science\\setup.py', reloading
2025-09-24 14:13:30,463 - werkzeug - INFO -  * Restarting with stat
2025-09-24 14:13:32,705 - app - INFO - Application initialized
2025-09-24 14:13:32,705 - app - INFO - Checking model files for car price prediction...
2025-09-24 14:13:32,705 - app - INFO - Model files already exist, skipping creation
2025-09-24 14:13:32,714 - werkzeug - WARNING -  * Debugger is active!
2025-09-24 14:13:32,719 - werkzeug - INFO -  * Debugger PIN: 145-798-001
2025-09-24 14:13:34,750 - werkzeug - INFO -  * Detected change in 'C:\\Users\\Admin\\Desktop\\Data_Science\\setup.py', reloading
2025-09-24 14:13:35,074 - werkzeug - INFO -  * Restarting with stat
2025-09-24 14:13:37,316 - app - INFO - Application initialized
2025-09-24 14:13:37,316 - app - INFO - Checking model files for car price prediction...
2025-09-24 14:13:37,316 - app - INFO - Model files already exist, skipping creation
2025-09-24 14:13:37,323 - werkzeug - WARNING -  * Debugger is active!
2025-09-24 14:13:37,327 - werkzeug - INFO -  * Debugger PIN: 145-798-001
2025-09-24 14:13:39,358 - werkzeug - INFO -  * Detected change in 'C:\\Users\\Admin\\Desktop\\Data_Science\\setup.py', reloading
2025-09-24 14:13:39,821 - werkzeug - INFO -  * Restarting with stat
2025-09-24 14:13:42,094 - app - INFO - Application initialized
2025-09-24 14:13:42,095 - app - INFO - Checking model files for car price prediction...
2025-09-24 14:13:42,095 - app - INFO - Model files already exist, skipping creation
2025-09-24 14:13:42,103 - werkzeug - WARNING -  * Debugger is active!
2025-09-24 14:13:42,106 - werkzeug - INFO -  * Debugger PIN: 145-798-001
2025-09-24 14:13:43,127 - werkzeug - INFO -  * Detected change in 'C:\\Users\\Admin\\Desktop\\Data_Science\\setup.py', reloading
2025-09-24 14:13:43,436 - werkzeug - INFO -  * Restarting with stat
2025-09-24 14:13:45,870 - app - INFO - Application initialized
2025-09-24 14:13:45,870 - app - INFO - Checking model files for car price prediction...
2025-09-24 14:13:45,870 - app - INFO - Model files already exist, skipping creation
2025-09-24 14:13:45,878 - werkzeug - WARNING -  * Debugger is active!
2025-09-24 14:13:45,881 - werkzeug - INFO -  * Debugger PIN: 145-798-001
2025-09-24 14:13:54,763 - app - INFO - First request processed
2025-09-24 14:13:54,764 - werkzeug - INFO - 127.0.0.1 - - [24/Sep/2025 14:13:54] "[32mPOST /train-models HTTP/1.1[0m" 302 -
2025-09-24 14:13:54,793 - werkzeug - INFO - 127.0.0.1 - - [24/Sep/2025 14:13:54] "GET / HTTP/1.1" 200 -
2025-09-24 14:13:55,057 - werkzeug - INFO - 127.0.0.1 - - [24/Sep/2025 14:13:55] "[36mGET /static/css/style.css HTTP/1.1[0m" 304 -
2025-09-24 14:13:55,104 - werkzeug - INFO - 127.0.0.1 - - [24/Sep/2025 14:13:55] "[36mGET /static/js/main.js HTTP/1.1[0m" 304 -
2025-09-24 14:14:10,051 - werkzeug - INFO -  * Detected change in 'C:\\Users\\Admin\\Desktop\\Data_Science\\app\\routes.py', reloading
2025-09-24 14:14:10,473 - werkzeug - INFO -  * Restarting with stat
2025-09-24 14:14:13,174 - app - INFO - Application initialized
2025-09-24 14:14:13,175 - app - INFO - Checking model files for car price prediction...
2025-09-24 14:14:13,175 - app - INFO - Model files already exist, skipping creation
2025-09-24 14:14:13,191 - werkzeug - WARNING -  * Debugger is active!
2025-09-24 14:14:13,196 - werkzeug - INFO -  * Debugger PIN: 145-798-001
2025-09-24 14:14:17,272 - werkzeug - INFO -  * Detected change in 'C:\\Users\\Admin\\Desktop\\Data_Science\\app\\routes.py', reloading
2025-09-24 14:14:17,655 - werkzeug - INFO -  * Restarting with stat
2025-09-24 14:14:19,944 - app - INFO - Application initialized
2025-09-24 14:14:19,944 - app - INFO - Checking model files for car price prediction...
2025-09-24 14:14:19,944 - app - INFO - Model files already exist, skipping creation
2025-09-24 14:14:19,950 - werkzeug - WARNING -  * Debugger is active!
2025-09-24 14:14:19,954 - werkzeug - INFO -  * Debugger PIN: 145-798-001
2025-09-24 14:14:25,001 - werkzeug - INFO -  * Detected change in 'C:\\Users\\Admin\\Desktop\\Data_Science\\app\\routes.py', reloading
2025-09-24 14:14:25,394 - werkzeug - INFO -  * Restarting with stat
2025-09-24 14:14:28,072 - app - INFO - Application initialized
2025-09-24 14:14:28,072 - app - INFO - Checking model files for car price prediction...
2025-09-24 14:14:28,073 - app - INFO - Model files already exist, skipping creation
2025-09-24 14:14:28,080 - werkzeug - WARNING -  * Debugger is active!
2025-09-24 14:14:28,084 - werkzeug - INFO -  * Debugger PIN: 145-798-001
2025-09-24 14:16:37,922 - werkzeug - INFO -  * Detected change in 'C:\\Users\\Admin\\Desktop\\Data_Science\\app\\routes.py', reloading
2025-09-24 14:16:38,296 - werkzeug - INFO -  * Restarting with stat
2025-09-24 14:21:30,829 - app - INFO - Application initialized
2025-09-24 14:21:30,829 - app - INFO - Checking model files for car price prediction...
2025-09-24 14:21:30,829 - app - INFO - Model files already exist, skipping creation
2025-09-24 14:21:30,853 - werkzeug - INFO - [31m[1mWARNING: This is a development server. Do not use it in a production deployment. Use a production WSGI server instead.[0m
 * Running on all addresses (0.0.0.0)
 * Running on http://127.0.0.1:5000
 * Running on http://192.168.10.137:5000
2025-09-24 14:21:30,854 - werkzeug - INFO - [33mPress CTRL+C to quit[0m
2025-09-24 14:21:30,857 - werkzeug - INFO -  * Restarting with stat
2025-09-24 14:21:34,748 - app - INFO - Application initialized
2025-09-24 14:21:34,748 - app - INFO - Checking model files for car price prediction...
2025-09-24 14:21:34,748 - app - INFO - Model files already exist, skipping creation
2025-09-24 14:21:34,757 - werkzeug - WARNING -  * Debugger is active!
2025-09-24 14:21:34,767 - werkzeug - INFO -  * Debugger PIN: 145-798-001
2025-09-24 14:21:43,165 - app - INFO - First request processed
2025-09-24 14:21:43,193 - werkzeug - INFO - 127.0.0.1 - - [24/Sep/2025 14:21:43] "GET / HTTP/1.1" 200 -
2025-09-24 14:21:43,257 - werkzeug - INFO - 127.0.0.1 - - [24/Sep/2025 14:21:43] "[36mGET /static/css/style.css HTTP/1.1[0m" 304 -
2025-09-24 14:21:43,429 - werkzeug - INFO - 127.0.0.1 - - [24/Sep/2025 14:21:43] "[36mGET /static/js/main.js HTTP/1.1[0m" 304 -
2025-09-24 14:21:48,299 - werkzeug - INFO - 127.0.0.1 - - [24/Sep/2025 14:21:48] "[32mPOST /train-models HTTP/1.1[0m" 302 -
2025-09-24 14:21:48,800 - werkzeug - INFO - 127.0.0.1 - - [24/Sep/2025 14:21:48] "GET / HTTP/1.1" 200 -
2025-09-24 14:21:49,129 - werkzeug - INFO - 127.0.0.1 - - [24/Sep/2025 14:21:49] "[36mGET /static/css/style.css HTTP/1.1[0m" 304 -
2025-09-24 14:21:49,129 - werkzeug - INFO - 127.0.0.1 - - [24/Sep/2025 14:21:49] "[36mGET /static/js/main.js HTTP/1.1[0m" 304 -
2025-09-24 14:21:50,128 - app - INFO - \u0110ào t\u1ea1o Linear Regression...
2025-09-24 14:21:50,669 - app - INFO - \u0110ào t\u1ea1o Random Forest...
2025-09-24 14:22:00,562 - app - INFO - \u0110ào t\u1ea1o XGBoost...
2025-09-24 14:22:04,011 - app - INFO - \u2705 Hoàn t\u1ea5t \u0111ào t\u1ea1o mô hình!
2025-09-24 14:23:07,525 - werkzeug - INFO -  * Detected change in 'C:\\Users\\Admin\\Desktop\\Data_Science\\app\\routes.py', reloading
2025-09-24 14:23:08,137 - werkzeug - INFO -  * Restarting with stat
2025-09-24 14:23:12,201 - app - INFO - Application initialized
2025-09-24 14:23:12,202 - app - INFO - Checking model files for car price prediction...
2025-09-24 14:23:12,202 - app - INFO - Model files already exist, skipping creation
2025-09-24 14:23:12,222 - werkzeug - WARNING -  * Debugger is active!
2025-09-24 14:23:12,228 - werkzeug - INFO -  * Debugger PIN: 145-798-001
2025-09-24 14:23:18,302 - werkzeug - INFO -  * Detected change in 'C:\\Users\\Admin\\Desktop\\Data_Science\\app\\routes.py', reloading
2025-09-24 14:23:18,939 - werkzeug - INFO -  * Restarting with stat
2025-09-24 14:23:21,540 - app - INFO - Application initialized
2025-09-24 14:23:21,540 - app - INFO - Checking model files for car price prediction...
2025-09-24 14:23:21,541 - app - INFO - Model files already exist, skipping creation
2025-09-24 14:23:21,547 - werkzeug - WARNING -  * Debugger is active!
2025-09-24 14:23:21,551 - werkzeug - INFO -  * Debugger PIN: 145-798-001
2025-09-24 14:23:24,584 - werkzeug - INFO -  * Detected change in 'C:\\Users\\Admin\\Desktop\\Data_Science\\app\\routes.py', reloading
2025-09-24 14:23:24,924 - werkzeug - INFO -  * Restarting with stat
2025-09-24 14:23:27,150 - app - INFO - Application initialized
2025-09-24 14:23:27,151 - app - INFO - Checking model files for car price prediction...
2025-09-24 14:23:27,151 - app - INFO - Model files already exist, skipping creation
2025-09-24 14:23:27,157 - werkzeug - WARNING -  * Debugger is active!
2025-09-24 14:23:27,161 - werkzeug - INFO -  * Debugger PIN: 145-798-001
2025-09-24 14:24:49,744 - werkzeug - INFO -  * Detected change in 'C:\\Users\\Admin\\Desktop\\Data_Science\\app\\routes.py', reloading
2025-09-24 14:24:50,083 - werkzeug - INFO -  * Restarting with stat
2025-09-24 14:30:19,555 - app - INFO - Application initialized
2025-09-24 14:30:19,555 - app - INFO - Checking model files for car price prediction...
2025-09-24 14:30:19,555 - app - INFO - Model files already exist, skipping creation
2025-09-24 14:30:19,574 - werkzeug - INFO - [31m[1mWARNING: This is a development server. Do not use it in a production deployment. Use a production WSGI server instead.[0m
 * Running on all addresses (0.0.0.0)
 * Running on http://127.0.0.1:5000
 * Running on http://192.168.10.137:5000
2025-09-24 14:30:19,574 - werkzeug - INFO - [33mPress CTRL+C to quit[0m
2025-09-24 14:30:19,576 - werkzeug - INFO -  * Restarting with stat
2025-09-24 14:30:22,770 - app - INFO - Application initialized
2025-09-24 14:30:22,771 - app - INFO - Checking model files for car price prediction...
2025-09-24 14:30:22,771 - app - INFO - Model files already exist, skipping creation
2025-09-24 14:30:22,779 - werkzeug - WARNING -  * Debugger is active!
2025-09-24 14:30:22,783 - werkzeug - INFO -  * Debugger PIN: 145-798-001
2025-09-24 14:30:26,378 - app - INFO - First request processed
2025-09-24 14:30:26,398 - werkzeug - INFO - 127.0.0.1 - - [24/Sep/2025 14:30:26] "[32mPOST /crawl HTTP/1.1[0m" 302 -
2025-09-24 14:30:26,401 - app.utils.crawler - INFO - CSV file initialized at: data\raw\raw.csv
2025-09-24 14:30:26,414 - app.utils.crawler - INFO - Starting crawl from page 1 to 1
2025-09-24 14:30:26,415 - app.utils.crawler - INFO - Crawling page: https://xe.chotot.com/mua-ban-oto?page=1
2025-09-24 14:30:26,442 - werkzeug - INFO - 127.0.0.1 - - [24/Sep/2025 14:30:26] "GET / HTTP/1.1" 200 -
2025-09-24 14:30:26,658 - werkzeug - INFO - 127.0.0.1 - - [24/Sep/2025 14:30:26] "[36mGET /static/css/style.css HTTP/1.1[0m" 304 -
2025-09-24 14:30:26,765 - werkzeug - INFO - 127.0.0.1 - - [24/Sep/2025 14:30:26] "[36mGET /static/js/main.js HTTP/1.1[0m" 304 -
2025-09-24 14:30:27,963 - app.utils.crawler - INFO - Response received from https://xe.chotot.com/mua-ban-oto?page=1: 811828 bytes
2025-09-24 14:30:28,031 - app.utils.crawler - INFO - Found 0 unique car URLs
2025-09-24 14:30:28,031 - app.utils.crawler - INFO - No URLs found in HTML, trying API...
2025-09-24 14:30:30,061 - app.utils.crawler - INFO - Response received from https://gateway.chotot.com/v1/public/ad-listing?cg=2010&limit=20&o=0&st=s,k&key_param_included=true: 122658 bytes
2025-09-24 14:30:30,069 - app.utils.crawler - INFO - Found 20 cars from API
2025-09-24 14:30:30,069 - app.utils.crawler - INFO - Found 20 cars on page 1
2025-09-24 14:30:32,737 - app.utils.crawler - INFO - Response received from https://xe.chotot.com/mua-ban-oto/127924393.htm: 185764 bytes
2025-09-24 14:30:32,754 - app.utils.crawler - INFO - Extracted car ID 127924393: Mitsubishi Xpander 2019 1.5 MT - 57000 km Bao Tên, Price: 365000000, Year: 2019
2025-09-24 14:30:32,760 - app.utils.crawler - INFO - Saved car ID: 127924393 to CSV. Total cars: 1
2025-09-24 14:30:32,766 - app.utils.crawler - INFO - Successfully updated crawl log 32: records_count = 1
2025-09-24 14:30:32,766 - app.utils.crawler - INFO - Saved car: Mitsubishi Xpander 2019 1.5 MT - 57000 km Bao Tên - ID: 127924393 - Total: 1
2025-09-24 14:30:34,760 - app.utils.crawler - INFO - Response received from https://xe.chotot.com/mua-ban-oto/127942043.htm: 187433 bytes
2025-09-24 14:30:34,783 - app.utils.crawler - INFO - Extracted car ID 127942043: Toyota Innova 2016 2.0E 1 ch\u1ee7, Price: 375000000, Year: 2016
2025-09-24 14:30:34,783 - app.utils.crawler - INFO - Saved car ID: 127942043 to CSV. Total cars: 2
2025-09-24 14:30:34,794 - app.utils.crawler - INFO - Successfully updated crawl log 32: records_count = 2
2025-09-24 14:30:34,794 - app.utils.crawler - INFO - Saved car: Toyota Innova 2016 2.0E 1 ch\u1ee7 - ID: 127942043 - Total: 2
2025-09-24 14:30:36,584 - app.utils.crawler - WARNING - Error fetching https://xe.chotot.com/mua-ban-oto/126944272.htm: 410 Client Error: Gone for url: https://xe.chotot.com/mua-ban-oto-huyen-hoc-mon-tp-ho-chi-minh/126944272.htm. Retrying in 2 seconds...
2025-09-24 14:30:42,453 - werkzeug - INFO - 127.0.0.1 - - [24/Sep/2025 14:30:42] "GET /api/crawl-status/32 HTTP/1.1" 200 -
2025-09-24 14:30:43,125 - app.utils.crawler - WARNING - Error fetching https://xe.chotot.com/mua-ban-oto/126944272.htm: 410 Client Error: Gone for url: https://xe.chotot.com/mua-ban-oto-huyen-hoc-mon-tp-ho-chi-minh/126944272.htm. Retrying in 4 seconds...
2025-09-24 14:30:48,203 - app.utils.crawler - WARNING - Error fetching https://xe.chotot.com/mua-ban-oto/126944272.htm: 410 Client Error: Gone for url: https://xe.chotot.com/mua-ban-oto-huyen-hoc-mon-tp-ho-chi-minh/126944272.htm. Retrying in 6 seconds...
2025-09-24 14:30:54,203 - app.utils.crawler - ERROR - Failed to fetch https://xe.chotot.com/mua-ban-oto/126944272.htm after 3 attempts
2025-09-24 14:30:56,330 - app.utils.crawler - INFO - Response received from https://xe.chotot.com/mua-ban-oto/127942036.htm: 145005 bytes
2025-09-24 14:30:56,345 - app.utils.crawler - INFO - Extracted car ID 127942036: Toyota Vios 2022 1.5G - 74000 km, Price: 440000000, Year: 2022
2025-09-24 14:30:56,345 - app.utils.crawler - INFO - Saved car ID: 127942036 to CSV. Total cars: 3
2025-09-24 14:30:56,355 - app.utils.crawler - INFO - Successfully updated crawl log 32: records_count = 3
2025-09-24 14:30:56,355 - app.utils.crawler - INFO - Saved car: Toyota Vios 2022 1.5G - 74000 km - ID: 127942036 - Total: 3
2025-09-24 14:30:57,148 - werkzeug - INFO - 127.0.0.1 - - [24/Sep/2025 14:30:57] "GET /api/crawl-status/32 HTTP/1.1" 200 -
2025-09-24 14:30:57,911 - app.utils.crawler - INFO - Response received from https://xe.chotot.com/mua-ban-oto/127942024.htm: 166105 bytes
2025-09-24 14:30:57,943 - app.utils.crawler - INFO - Extracted car ID 127942024: MG MG5 2024 - 1 km Ti\u1ebft ki\u1ec7m ngay 70tr, Price: 310000000, Year: 2024
2025-09-24 14:30:57,943 - app.utils.crawler - INFO - Saved car ID: 127942024 to CSV. Total cars: 4
2025-09-24 14:30:57,948 - app.utils.crawler - INFO - Successfully updated crawl log 32: records_count = 4
2025-09-24 14:30:57,948 - app.utils.crawler - INFO - Saved car: MG MG5 2024 - 1 km Ti\u1ebft ki\u1ec7m ngay 70tr - ID: 127942024 - Total: 4
2025-09-24 14:31:00,944 - app.utils.crawler - INFO - Response received from https://xe.chotot.com/mua-ban-oto/123799669.htm: 178790 bytes
2025-09-24 14:31:00,977 - app.utils.crawler - INFO - Extracted car ID 123799669: Mazda 3 1.5 AT Hatchbak 2018, Price: 430000000, Year: 2018
2025-09-24 14:31:00,977 - app.utils.crawler - INFO - Saved car ID: 123799669 to CSV. Total cars: 5
2025-09-24 14:31:00,993 - app.utils.crawler - INFO - Successfully updated crawl log 32: records_count = 5
2025-09-24 14:31:00,993 - app.utils.crawler - INFO - Saved car: Mazda 3 1.5 AT Hatchbak 2018 - ID: 123799669 - Total: 5
2025-09-24 14:31:03,073 - app.utils.crawler - INFO - Response received from https://xe.chotot.com/mua-ban-oto/126673151.htm: 186906 bytes
2025-09-24 14:31:03,090 - app.utils.crawler - INFO - Extracted car ID 126673151: Kia Sonet Premium	2024 - Màu tr\u1eafng - 2v4km, Price: 550000000, Year: 2024
2025-09-24 14:31:03,090 - app.utils.crawler - INFO - Saved car ID: 126673151 to CSV. Total cars: 6
2025-09-24 14:31:03,101 - app.utils.crawler - INFO - Successfully updated crawl log 32: records_count = 6
2025-09-24 14:31:03,101 - app.utils.crawler - INFO - Saved car: Kia Sonet Premium	2024 - Màu tr\u1eafng - 2v4km - ID: 126673151 - Total: 6
2025-09-24 14:31:05,762 - app.utils.crawler - INFO - Response received from https://xe.chotot.com/mua-ban-oto/127941996.htm: 151656 bytes
2025-09-24 14:31:05,778 - app.utils.crawler - INFO - Extracted car ID 127941996: C\u1ea7n bán Kia Morning 2019 s\u1ed1 sàn màu b\u1ea1c, Price: 169000000, Year: 2019
2025-09-24 14:31:05,778 - app.utils.crawler - INFO - Saved car ID: 127941996 to CSV. Total cars: 7
2025-09-24 14:31:05,783 - app.utils.crawler - INFO - Successfully updated crawl log 32: records_count = 7
2025-09-24 14:31:05,783 - app.utils.crawler - INFO - Saved car: C\u1ea7n bán Kia Morning 2019 s\u1ed1 sàn màu b\u1ea1c - ID: 127941996 - Total: 7
2025-09-24 14:31:08,564 - app.utils.crawler - INFO - Response received from https://xe.chotot.com/mua-ban-oto/126873906.htm: 170756 bytes
2025-09-24 14:31:08,581 - app.utils.crawler - INFO - Extracted car ID 126873906: Toyota Vios 2018 1.5G - 91000 km, Price: 365000000, Year: 2018
2025-09-24 14:31:08,581 - app.utils.crawler - INFO - Saved car ID: 126873906 to CSV. Total cars: 8
2025-09-24 14:31:08,592 - app.utils.crawler - INFO - Successfully updated crawl log 32: records_count = 8
2025-09-24 14:31:08,592 - app.utils.crawler - INFO - Saved car: Toyota Vios 2018 1.5G - 91000 km - ID: 126873906 - Total: 8
2025-09-24 14:31:10,452 - app.utils.crawler - INFO - Response received from https://xe.chotot.com/mua-ban-oto/127819556.htm: 182097 bytes
2025-09-24 14:31:10,482 - app.utils.crawler - INFO - Extracted car ID 127819556: 71 2022 E 2.0 MT - 35000 km, Price: 599999999, Year: 2022
2025-09-24 14:31:10,485 - app.utils.crawler - INFO - Saved car ID: 127819556 to CSV. Total cars: 9
2025-09-24 14:31:10,508 - app.utils.crawler - INFO - Successfully updated crawl log 32: records_count = 9
2025-09-24 14:31:10,508 - app.utils.crawler - INFO - Saved car: 71 2022 E 2.0 MT - 35000 km - ID: 127819556 - Total: 9
2025-09-24 14:31:12,445 - werkzeug - INFO - 127.0.0.1 - - [24/Sep/2025 14:31:12] "GET /api/crawl-status/32 HTTP/1.1" 200 -
2025-09-24 14:31:12,802 - app.utils.crawler - INFO - Response received from https://xe.chotot.com/mua-ban-oto/127825769.htm: 179103 bytes
2025-09-24 14:31:12,823 - app.utils.crawler - INFO - Extracted car ID 127825769: FORD RANGER WILDTRAK 2021 NH\u1eacP THÁI BI-TURBO, Price: 750000000, Year: 2021
2025-09-24 14:31:12,823 - app.utils.crawler - INFO - Saved car ID: 127825769 to CSV. Total cars: 10
2025-09-24 14:31:12,829 - app.utils.crawler - INFO - Successfully updated crawl log 32: records_count = 10
2025-09-24 14:31:12,829 - app.utils.crawler - INFO - Saved car: FORD RANGER WILDTRAK 2021 NH\u1eacP THÁI BI-TURBO - ID: 127825769 - Total: 10
2025-09-24 14:31:15,362 - app.utils.crawler - INFO - Response received from https://xe.chotot.com/mua-ban-oto/127930544.htm: 174468 bytes
2025-09-24 14:31:15,380 - app.utils.crawler - INFO - Extracted car ID 127930544: Mazda Premacy 2003 1.8 AT - xe \u0111\u1eb9p l\u1eafm, Price: 109000000, Year: 2003
2025-09-24 14:31:15,381 - app.utils.crawler - INFO - Saved car ID: 127930544 to CSV. Total cars: 11
2025-09-24 14:31:15,386 - app.utils.crawler - INFO - Successfully updated crawl log 32: records_count = 11
2025-09-24 14:31:15,386 - app.utils.crawler - INFO - Saved car: Mazda Premacy 2003 1.8 AT - xe \u0111\u1eb9p l\u1eafm - ID: 127930544 - Total: 11
2025-09-24 14:31:17,634 - app.utils.crawler - INFO - Response received from https://xe.chotot.com/mua-ban-oto/122872612.htm: 179966 bytes
2025-09-24 14:31:17,652 - app.utils.crawler - INFO - Extracted car ID 122872612: Toyota Vios 2016 E MT xe 1 ch\u1ee7 s\u1eed d\u1ee5ng, Price: 255000000, Year: 2016
2025-09-24 14:31:17,652 - app.utils.crawler - INFO - Saved car ID: 122872612 to CSV. Total cars: 12
2025-09-24 14:31:17,663 - app.utils.crawler - INFO - Successfully updated crawl log 32: records_count = 12
2025-09-24 14:31:17,663 - app.utils.crawler - INFO - Saved car: Toyota Vios 2016 E MT xe 1 ch\u1ee7 s\u1eed d\u1ee5ng - ID: 122872612 - Total: 12
2025-09-24 14:31:19,817 - app.utils.crawler - INFO - Response received from https://xe.chotot.com/mua-ban-oto/127941905.htm: 153332 bytes
2025-09-24 14:31:19,832 - app.utils.crawler - INFO - Extracted car ID 127941905: Hyundai Grand i10 2014 Grand 1.2 MT - 16000 km, Price: 109000000, Year: 2014
2025-09-24 14:31:19,832 - app.utils.crawler - INFO - Saved car ID: 127941905 to CSV. Total cars: 13
2025-09-24 14:31:19,842 - app.utils.crawler - INFO - Successfully updated crawl log 32: records_count = 13
2025-09-24 14:31:19,842 - app.utils.crawler - INFO - Saved car: Hyundai Grand i10 2014 Grand 1.2 MT - 16000 km - ID: 127941905 - Total: 13
2025-09-24 14:31:22,343 - app.utils.crawler - INFO - Response received from https://xe.chotot.com/mua-ban-oto/127437532.htm: 157676 bytes
2025-09-24 14:31:22,358 - app.utils.crawler - INFO - Extracted car ID 127437532: Toyota Camry 2002 2.4G - 150000 km, Price: 165000000, Year: 2002
2025-09-24 14:31:22,358 - app.utils.crawler - INFO - Saved car ID: 127437532 to CSV. Total cars: 14
2025-09-24 14:31:22,363 - app.utils.crawler - INFO - Successfully updated crawl log 32: records_count = 14
2025-09-24 14:31:22,363 - app.utils.crawler - INFO - Saved car: Toyota Camry 2002 2.4G - 150000 km - ID: 127437532 - Total: 14
2025-09-24 14:31:24,661 - app.utils.crawler - WARNING - Error fetching https://xe.chotot.com/mua-ban-oto/124264003.htm: 410 Client Error: Gone for url: https://xe.chotot.com/mua-ban-oto-quan-binh-tan-tp-ho-chi-minh/124264003.htm. Retrying in 2 seconds...
2025-09-24 14:31:27,458 - werkzeug - INFO - 127.0.0.1 - - [24/Sep/2025 14:31:27] "GET /api/crawl-status/32 HTTP/1.1" 200 -
2025-09-24 14:31:28,120 - app.utils.crawler - WARNING - Error fetching https://xe.chotot.com/mua-ban-oto/124264003.htm: 410 Client Error: Gone for url: https://xe.chotot.com/mua-ban-oto-quan-binh-tan-tp-ho-chi-minh/124264003.htm. Retrying in 4 seconds...
2025-09-24 14:31:34,706 - app.utils.crawler - WARNING - Error fetching https://xe.chotot.com/mua-ban-oto/124264003.htm: 410 Client Error: Gone for url: https://xe.chotot.com/mua-ban-oto-quan-binh-tan-tp-ho-chi-minh/124264003.htm. Retrying in 6 seconds...
2025-09-24 14:31:40,706 - app.utils.crawler - ERROR - Failed to fetch https://xe.chotot.com/mua-ban-oto/124264003.htm after 3 attempts
2025-09-24 14:31:42,138 - werkzeug - INFO - 127.0.0.1 - - [24/Sep/2025 14:31:42] "GET /api/crawl-status/32 HTTP/1.1" 200 -
2025-09-24 14:31:42,199 - app.utils.crawler - INFO - Response received from https://xe.chotot.com/mua-ban-oto/127941796.htm: 192767 bytes
2025-09-24 14:31:42,218 - app.utils.crawler - INFO - Extracted car ID 127941796: Hyundai Tucson 2019 2.0L Diesel -h\u1ed7 tr\u1ee3 bank 400tr, Price: 635000000, Year: 2019
2025-09-24 14:31:42,218 - app.utils.crawler - INFO - Saved car ID: 127941796 to CSV. Total cars: 15
2025-09-24 14:31:42,223 - app.utils.crawler - INFO - Successfully updated crawl log 32: records_count = 15
2025-09-24 14:31:42,223 - app.utils.crawler - INFO - Saved car: Hyundai Tucson 2019 2.0L Diesel -h\u1ed7 tr\u1ee3 bank 400tr - ID: 127941796 - Total: 15
2025-09-24 14:31:43,987 - app.utils.crawler - INFO - Response received from https://xe.chotot.com/mua-ban-oto/127852220.htm: 163352 bytes
2025-09-24 14:31:44,003 - app.utils.crawler - INFO - Extracted car ID 127852220: Hyundai i10, b\u1ea3n \u0111\u1ee7 nh\u1eadp kh\u1ea9u,chính ch\u1ee7 HN, 2015, Price: 129000000, Year: 2015
2025-09-24 14:31:44,003 - app.utils.crawler - INFO - Saved car ID: 127852220 to CSV. Total cars: 16
2025-09-24 14:31:44,014 - app.utils.crawler - INFO - Successfully updated crawl log 32: records_count = 16
2025-09-24 14:31:44,014 - app.utils.crawler - INFO - Saved car: Hyundai i10, b\u1ea3n \u0111\u1ee7 nh\u1eadp kh\u1ea9u,chính ch\u1ee7 HN, 2015 - ID: 127852220 - Total: 16
2025-09-24 14:31:45,906 - app.utils.crawler - INFO - Response received from https://xe.chotot.com/mua-ban-oto/126869828.htm: 175730 bytes
2025-09-24 14:31:45,938 - app.utils.crawler - INFO - Extracted car ID 126869828: MG MG5 2023 MT - 45000 km, Price: 290000000, Year: 2023
2025-09-24 14:31:45,939 - app.utils.crawler - INFO - Saved car ID: 126869828 to CSV. Total cars: 17
2025-09-24 14:31:45,951 - app.utils.crawler - INFO - Successfully updated crawl log 32: records_count = 17
2025-09-24 14:31:45,952 - app.utils.crawler - INFO - Saved car: MG MG5 2023 MT - 45000 km - ID: 126869828 - Total: 17
2025-09-24 14:31:48,758 - app.utils.crawler - INFO - Response received from https://xe.chotot.com/mua-ban-oto/127941697.htm: 191695 bytes
2025-09-24 14:31:48,781 - app.utils.crawler - INFO - Extracted car ID 127941697: Hyundai Santa Fe 2015 AT 1 c\u1ea7u - 475tr, Price: 475000000, Year: 2015
2025-09-24 14:31:48,781 - app.utils.crawler - INFO - Saved car ID: 127941697 to CSV. Total cars: 18
2025-09-24 14:31:48,792 - app.utils.crawler - INFO - Successfully updated crawl log 32: records_count = 18
2025-09-24 14:31:48,792 - app.utils.crawler - INFO - Saved car: Hyundai Santa Fe 2015 AT 1 c\u1ea7u - 475tr - ID: 127941697 - Total: 18
2025-09-24 14:31:48,796 - app.utils.crawler - INFO - Successfully updated crawl log 32: records_count = 18
2025-09-24 14:31:49,799 - app.utils.crawler - INFO - Successfully updated crawl log 32: records_count = 18
2025-09-24 14:31:49,799 - app.utils.crawler - INFO - Page 1: Crawled 18 cars
2025-09-24 14:31:51,573 - app.utils.crawler - INFO - Successfully updated crawl log 32: records_count = 18
2025-09-24 14:31:51,573 - app.utils.crawler - INFO - Crawl completed! Total cars: 18
2025-09-24 14:31:51,573 - app.utils.crawler - INFO - CSV file closed
2025-09-24 14:31:57,459 - werkzeug - INFO - 127.0.0.1 - - [24/Sep/2025 14:31:57] "GET /api/crawl-status/32 HTTP/1.1" 200 -
2025-09-24 14:32:04,553 - app.utils.preprocessor - INFO - Starting preprocessing with absolute path: C:\Users\admin\Desktop\Data_Science\data\raw\raw.csv
2025-09-24 14:32:04,560 - werkzeug - INFO - 127.0.0.1 - - [24/Sep/2025 14:32:04] "[32mPOST /preprocess HTTP/1.1[0m" 302 -
2025-09-24 14:32:04,565 - app.utils.preprocessor - INFO - Input file size: 5732069 bytes
2025-09-24 14:32:04,576 - app.utils.preprocessor - INFO - Updated processing log 30
2025-09-24 14:32:04,577 - app.utils.preprocessor - INFO - Updated processing log 30
2025-09-24 14:32:04,577 - app.utils.preprocessor - INFO - Input file size: 5732069 bytes
2025-09-24 14:32:04,577 - app.utils.preprocessor - INFO - First 5 lines of input file:
2025-09-24 14:32:04,577 - app.utils.preprocessor - INFO - Line 1: id,title,brand,model,year,price,mileage,fuel_type,transmission,owners,origin,car_type,seats,doors,version,condition,location,post_time,crawl_time,drivetrain,engine_type,horse_power,torque,engine_capacity,fuel_consumption,air_bags,ground_clearance,weight,load_capacity
2025-09-24 14:32:04,577 - app.utils.preprocessor - INFO - Line 2: \u1ecf,Mercedes Benz E Class 2010 E250 - 80000 km,Mercedes Benz,E Class,2010,320000000,80000,X\u0103ng,T\u1ef1 \u0111\u1ed9ng,,Vi\u1ec7t Nam,Sedan,5,,,\u0110ã s\u1eed d\u1ee5ng,"Xã Hi\u1ec7p An, Th\u1ecb xã Kinh Môn, H\u1ea3i D\u01b0\u01a1ng",\u0110\u0103ng 1 phút tr\u01b0\u1edbc,2025-05-13 12:45:11,,,,,,,,,> 1 t\u1ea5n,> 2 t\u1ea5n
2025-09-24 14:32:04,577 - app.utils.preprocessor - INFO - Line 3: 124407149,Kia Sedona 2020  2.2 DATH full d\u1ea7u xe r\u1ea5t m\u1edbi HI\u1ebeM,Kia,Sedona,2020,845000000,85689,D\u1ea7u,T\u1ef1 \u0111\u1ed9ng,,\u0110ang c\u1eadp nh\u1eadt,--,,,,\u0110ã s\u1eed d\u1ee5ng,"Ph\u01b0\u1eddng H\u1ea1 \u0110ình, Qu\u1eadn Thanh Xuân, Hà N\u1ed9i",\u0110\u0103ng 2 phút tr\u01b0\u1edbc,2025-05-13 12:45:12,,,,,,,,,> 1 t\u1ea5n,> 2 t\u1ea5n
2025-09-24 14:32:04,577 - app.utils.preprocessor - INFO - Line 4: 121332884,Kia Sorento GATH 2016 AT2.4 Full k\u1ecbch,Kia,Sorento,2016,455000000,100000,D\u1ea7u,T\u1ef1 \u0111\u1ed9ng,,\u0110ang c\u1eadp nh\u1eadt,SUV / Cross over,7,,,\u0110ã s\u1eed d\u1ee5ng,"Th\u1ecb tr\u1ea5n \u0110ông Anh, Huy\u1ec7n \u0110ông Anh, Hà N\u1ed9i",\u0110\u0103ng 1 tháng tr\u01b0\u1edbc,2025-05-13 12:45:12,,,,,,,,,> 1 t\u1ea5n,> 2 t\u1ea5n
2025-09-24 14:32:04,578 - app.utils.preprocessor - INFO - Line 5: 124296461,Hyundai Santa Fe 2013 2.4L 4WD - 107000 km,Hyundai,Santa Fe,2013,485000000,107000,X\u0103ng,T\u1ef1 \u0111\u1ed9ng,1,Hàn Qu\u1ed1c,SUV / Cross over,7,,,\u0110ã s\u1eed d\u1ee5ng,"Ph\u01b0\u1eddng 2, Qu\u1eadn Tân Bình, Tp H\u1ed3 Chí Minh",\u0110\u0103ng 9 phút tr\u01b0\u1edbc,2025-05-13 12:45:12,,,,,,,,,> 1 t\u1ea5n,> 2 t\u1ea5n
2025-09-24 14:32:04,578 - app.utils.preprocessor - INFO - Loading data from C:\Users\admin\Desktop\Data_Science\data\raw\raw.csv
2025-09-24 14:32:04,738 - app.utils.preprocessor - INFO - First 5 rows of DataFrame:
2025-09-24 14:32:04,740 - app.utils.preprocessor - INFO - Row 0: {'id': '\u1ecf', 'title': 'Mercedes Benz E Class 2010 E250 - 80000 km', 'brand': 'Mercedes Benz', 'model': 'E Class', 'year': 2010.0, 'price': 320000000, 'mileage': 80000.0, 'fuel_type': 'X\u0103ng', 'transmission': 'T\u1ef1 \u0111\u1ed9ng', 'owners': nan, 'origin': 'Vi\u1ec7t Nam', 'car_type': 'Sedan', 'seats': 5.0, 'doors': nan, 'version': nan, 'condition': '\u0110ã s\u1eed d\u1ee5ng', 'location': 'Xã Hi\u1ec7p An, Th\u1ecb xã Kinh Môn, H\u1ea3i D\u01b0\u01a1ng', 'post_time': '\u0110\u0103ng 1 phút tr\u01b0\u1edbc', 'crawl_time': '2025-05-13 12:45:11', 'drivetrain': nan, 'engine_type': nan, 'horse_power': nan, 'torque': nan, 'engine_capacity': nan, 'fuel_consumption': nan, 'air_bags': nan, 'ground_clearance': nan, 'weight': '> 1 t\u1ea5n', 'load_capacity': '> 2 t\u1ea5n'}
2025-09-24 14:32:04,740 - app.utils.preprocessor - INFO - Row 1: {'id': '124407149', 'title': 'Kia Sedona 2020  2.2 DATH full d\u1ea7u xe r\u1ea5t m\u1edbi HI\u1ebeM', 'brand': 'Kia', 'model': 'Sedona', 'year': 2020.0, 'price': 845000000, 'mileage': 85689.0, 'fuel_type': 'D\u1ea7u', 'transmission': 'T\u1ef1 \u0111\u1ed9ng', 'owners': nan, 'origin': '\u0110ang c\u1eadp nh\u1eadt', 'car_type': '--', 'seats': nan, 'doors': nan, 'version': nan, 'condition': '\u0110ã s\u1eed d\u1ee5ng', 'location': 'Ph\u01b0\u1eddng H\u1ea1 \u0110ình, Qu\u1eadn Thanh Xuân, Hà N\u1ed9i', 'post_time': '\u0110\u0103ng 2 phút tr\u01b0\u1edbc', 'crawl_time': '2025-05-13 12:45:12', 'drivetrain': nan, 'engine_type': nan, 'horse_power': nan, 'torque': nan, 'engine_capacity': nan, 'fuel_consumption': nan, 'air_bags': nan, 'ground_clearance': nan, 'weight': '> 1 t\u1ea5n', 'load_capacity': '> 2 t\u1ea5n'}
2025-09-24 14:32:04,740 - app.utils.preprocessor - INFO - Row 2: {'id': '121332884', 'title': 'Kia Sorento GATH 2016 AT2.4 Full k\u1ecbch', 'brand': 'Kia', 'model': 'Sorento', 'year': 2016.0, 'price': 455000000, 'mileage': 100000.0, 'fuel_type': 'D\u1ea7u', 'transmission': 'T\u1ef1 \u0111\u1ed9ng', 'owners': nan, 'origin': '\u0110ang c\u1eadp nh\u1eadt', 'car_type': 'SUV / Cross over', 'seats': 7.0, 'doors': nan, 'version': nan, 'condition': '\u0110ã s\u1eed d\u1ee5ng', 'location': 'Th\u1ecb tr\u1ea5n \u0110ông Anh, Huy\u1ec7n \u0110ông Anh, Hà N\u1ed9i', 'post_time': '\u0110\u0103ng 1 tháng tr\u01b0\u1edbc', 'crawl_time': '2025-05-13 12:45:12', 'drivetrain': nan, 'engine_type': nan, 'horse_power': nan, 'torque': nan, 'engine_capacity': nan, 'fuel_consumption': nan, 'air_bags': nan, 'ground_clearance': nan, 'weight': '> 1 t\u1ea5n', 'load_capacity': '> 2 t\u1ea5n'}
2025-09-24 14:32:04,740 - app.utils.preprocessor - INFO - Row 3: {'id': '124296461', 'title': 'Hyundai Santa Fe 2013 2.4L 4WD - 107000 km', 'brand': 'Hyundai', 'model': 'Santa Fe', 'year': 2013.0, 'price': 485000000, 'mileage': 107000.0, 'fuel_type': 'X\u0103ng', 'transmission': 'T\u1ef1 \u0111\u1ed9ng', 'owners': 1.0, 'origin': 'Hàn Qu\u1ed1c', 'car_type': 'SUV / Cross over', 'seats': 7.0, 'doors': nan, 'version': nan, 'condition': '\u0110ã s\u1eed d\u1ee5ng', 'location': 'Ph\u01b0\u1eddng 2, Qu\u1eadn Tân Bình, Tp H\u1ed3 Chí Minh', 'post_time': '\u0110\u0103ng 9 phút tr\u01b0\u1edbc', 'crawl_time': '2025-05-13 12:45:12', 'drivetrain': nan, 'engine_type': nan, 'horse_power': nan, 'torque': nan, 'engine_capacity': nan, 'fuel_consumption': nan, 'air_bags': nan, 'ground_clearance': nan, 'weight': '> 1 t\u1ea5n', 'load_capacity': '> 2 t\u1ea5n'}
2025-09-24 14:32:04,741 - app.utils.preprocessor - INFO - Row 4: {'id': '124942994', 'title': 'HONDA HRV G 2024 - S\u01a1n ZIN - Odo 3.700km - M\u1edaI KEN', 'brand': 'Honda', 'model': 'HR-V', 'year': 2024.0, 'price': 690000000, 'mileage': 3700.0, 'fuel_type': 'X\u0103ng', 'transmission': 'T\u1ef1 \u0111\u1ed9ng', 'owners': nan, 'origin': 'Thái Lan', 'car_type': 'SUV / Cross over', 'seats': 5.0, 'doors': nan, 'version': nan, 'condition': '\u0110ã s\u1eed d\u1ee5ng', 'location': 'Ph\u01b0\u1eddng Tân Phong, Qu\u1eadn 7, Tp H\u1ed3 Chí Minh', 'post_time': '\u0110\u0103ng 4 phút tr\u01b0\u1edbc', 'crawl_time': '2025-05-13 12:45:13', 'drivetrain': nan, 'engine_type': nan, 'horse_power': nan, 'torque': nan, 'engine_capacity': nan, 'fuel_consumption': nan, 'air_bags': nan, 'ground_clearance': nan, 'weight': '> 1 t\u1ea5n', 'load_capacity': '> 2 t\u1ea5n'}
2025-09-24 14:32:04,741 - app.utils.preprocessor - INFO - Initial data: 20085 rows, 29 columns
2025-09-24 14:32:04,741 - app.utils.preprocessor - INFO - DataFrame columns: ['id', 'title', 'brand', 'model', 'year', 'price', 'mileage', 'fuel_type', 'transmission', 'owners', 'origin', 'car_type', 'seats', 'doors', 'version', 'condition', 'location', 'post_time', 'crawl_time', 'drivetrain', 'engine_type', 'horse_power', 'torque', 'engine_capacity', 'fuel_consumption', 'air_bags', 'ground_clearance', 'weight', 'load_capacity']
2025-09-24 14:32:04,750 - app.utils.preprocessor - INFO - Data after column selection: 20085 rows, 12 columns
2025-09-24 14:32:04,751 - app.utils.preprocessor - INFO - Columns: ['brand', 'model', 'year', 'mileage', 'fuel_type', 'transmission', 'owners', 'origin', 'car_type', 'seats', 'condition', 'price']
2025-09-24 14:32:04,751 - app.utils.preprocessor - INFO - Missing values count:
2025-09-24 14:32:04,752 - app.utils.preprocessor - INFO -   brand: 0
2025-09-24 14:32:04,753 - app.utils.preprocessor - INFO -   model: 0
2025-09-24 14:32:04,753 - app.utils.preprocessor - INFO -   year: 20
2025-09-24 14:32:04,753 - app.utils.preprocessor - INFO -   mileage: 1799
2025-09-24 14:32:04,754 - app.utils.preprocessor - INFO -   fuel_type: 0
2025-09-24 14:32:04,755 - app.utils.preprocessor - INFO -   transmission: 0
2025-09-24 14:32:04,755 - app.utils.preprocessor - INFO -   owners: 11189
2025-09-24 14:32:04,756 - app.utils.preprocessor - INFO -   origin: 0
2025-09-24 14:32:04,756 - app.utils.preprocessor - INFO -   car_type: 14
2025-09-24 14:32:04,756 - app.utils.preprocessor - INFO -   seats: 2160
2025-09-24 14:32:04,757 - app.utils.preprocessor - INFO -   condition: 0
2025-09-24 14:32:04,757 - app.utils.preprocessor - INFO -   price: 0
2025-09-24 14:32:04,763 - app.utils.preprocessor - INFO - Filtered by year >= 2000: Removed 263 rows
2025-09-24 14:32:04,769 - app.utils.preprocessor - INFO - Filtered origin != '\u0110ang c\u1eadp nh\u1eadt': Removed 2136 rows
2025-09-24 14:32:04,771 - app.utils.preprocessor - INFO - Filtered car_type != '--': Removed 1868 rows
2025-09-24 14:32:04,774 - app.utils.preprocessor - INFO - Dropped 'owners' column
2025-09-24 14:32:04,778 - app.utils.preprocessor - INFO - Rows with at least one null value: 1932
2025-09-24 14:32:04,783 - app.utils.preprocessor - INFO - After dropping null rows: 13886 rows left
2025-09-24 14:32:04,820 - app.utils.preprocessor - INFO - Duplicate rows: 1027
2025-09-24 14:32:04,840 - app.utils.preprocessor - INFO - After dropping duplicates: 12859 rows left
2025-09-24 14:32:04,848 - app.utils.preprocessor - INFO - Filtered brand with few samples: Removed 100 rows
2025-09-24 14:32:04,854 - werkzeug - INFO - 127.0.0.1 - - [24/Sep/2025 14:32:04] "GET / HTTP/1.1" 200 -
2025-09-24 14:32:04,854 - app.utils.preprocessor - INFO - Filtered model with few samples: Removed 528 rows
2025-09-24 14:32:04,858 - app.utils.preprocessor - INFO - Filtered transmission with few samples: Removed 5 rows
2025-09-24 14:32:04,865 - app.utils.preprocessor - INFO - Filtered car_type with few samples: Removed 7 rows
2025-09-24 14:32:04,865 - app.utils.preprocessor - INFO - After iteration 1: 12219 rows left
2025-09-24 14:32:04,875 - app.utils.preprocessor - INFO - After iteration 2: 12219 rows left
2025-09-24 14:32:04,879 - app.utils.preprocessor - INFO - Dropped 'condition' column - only has one value
2025-09-24 14:32:04,879 - app.utils.preprocessor - INFO - Initial price range: 5,000,000 - 20,000,000,000 VND
2025-09-24 14:32:04,880 - app.utils.preprocessor - INFO - Removing 22 cars with price > 5 billion VND
2025-09-24 14:32:04,882 - app.utils.preprocessor - INFO - Removing 538 cars with price < 100 million VND
2025-09-24 14:32:04,883 - app.utils.preprocessor - INFO - Updated price range: 102,000,000 - 4,999,000,000 VND
2025-09-24 14:32:04,883 - app.utils.preprocessor - INFO - Final data statistics:
2025-09-24 14:32:04,886 - app.utils.preprocessor - INFO - Rows with any null value: 0
2025-09-24 14:32:04,890 - app.utils.preprocessor - INFO - Duplicate rows: 0
2025-09-24 14:32:04,890 - app.utils.preprocessor - INFO - Final data: 11639 rows, 10 columns
2025-09-24 14:32:04,890 - app.utils.preprocessor - INFO - Columns: ['brand', 'model', 'year', 'mileage', 'fuel_type', 'transmission', 'origin', 'car_type', 'seats', 'price']
2025-09-24 14:32:04,941 - app.utils.preprocessor - INFO - Preprocessed data saved to data\processed\processed_cars_20250924_143204.csv
2025-09-24 14:32:04,947 - app.utils.preprocessor - INFO - Updated processing log 30
2025-09-24 14:32:04,948 - app.utils.preprocessor - INFO - Preprocessing completed with result: True
2025-09-24 14:32:05,177 - werkzeug - INFO - 127.0.0.1 - - [24/Sep/2025 14:32:05] "[36mGET /static/css/style.css HTTP/1.1[0m" 304 -
2025-09-24 14:32:05,178 - werkzeug - INFO - 127.0.0.1 - - [24/Sep/2025 14:32:05] "[36mGET /static/js/main.js HTTP/1.1[0m" 304 -
2025-09-24 14:32:14,156 - werkzeug - INFO - 127.0.0.1 - - [24/Sep/2025 14:32:14] "GET /api/crawl-status/30 HTTP/1.1" 200 -
2025-09-24 14:32:18,449 - werkzeug - INFO - 127.0.0.1 - - [24/Sep/2025 14:32:18] "GET / HTTP/1.1" 200 -
2025-09-24 14:32:18,456 - werkzeug - INFO - 127.0.0.1 - - [24/Sep/2025 14:32:18] "[36mGET /static/css/style.css HTTP/1.1[0m" 304 -
2025-09-24 14:32:18,707 - werkzeug - INFO - 127.0.0.1 - - [24/Sep/2025 14:32:18] "[36mGET /static/js/main.js HTTP/1.1[0m" 304 -
2025-09-24 14:32:40,199 - app - INFO - Starting import at 2025-09-24 14:32:40.199463
2025-09-24 14:32:40,200 - werkzeug - INFO - 127.0.0.1 - - [24/Sep/2025 14:32:40] "[32mPOST /import-to-db HTTP/1.1[0m" 302 -
2025-09-24 14:32:40,200 - app.utils.database - INFO - Importing data from data\processed\processed_cars_20250924_143204.csv
2025-09-24 14:32:40,210 - werkzeug - INFO - 127.0.0.1 - - [24/Sep/2025 14:32:40] "GET / HTTP/1.1" 200 -
2025-09-24 14:32:40,225 - app.utils.database - INFO - Loaded 11639 rows from data\processed\processed_cars_20250924_143204.csv
2025-09-24 14:32:40,226 - app.utils.database - INFO - Found 25 unique brands
2025-09-24 14:32:40,242 - app.utils.database - INFO - Found 176 unique brand-model combinations
2025-09-24 14:32:40,435 - app.utils.database - INFO - Found 401 unique model-type combinations
2025-09-24 14:32:40,448 - werkzeug - INFO - 127.0.0.1 - - [24/Sep/2025 14:32:40] "[36mGET /static/css/style.css HTTP/1.1[0m" 304 -
2025-09-24 14:32:40,546 - werkzeug - INFO - 127.0.0.1 - - [24/Sep/2025 14:32:40] "[36mGET /static/js/main.js HTTP/1.1[0m" 304 -
2025-09-24 14:32:41,068 - app.utils.database - INFO - Found 4 unique fuel types
2025-09-24 14:32:41,072 - app.utils.database - INFO - Found 4 unique transmission types
2025-09-24 14:32:41,075 - app.utils.database - INFO - Found 26 unique years
2025-09-24 14:32:41,087 - app.utils.database - INFO - Found 10 unique seat counts
2025-09-24 14:32:41,092 - app.utils.database - INFO - Found 10 unique origins
2025-09-24 14:32:41,106 - app.utils.database - INFO - Import completed successfully!
2025-09-24 14:32:41,106 - app.utils.database - INFO - Brands: 25
2025-09-24 14:32:41,106 - app.utils.database - INFO - Models: 178
2025-09-24 14:32:41,106 - app.utils.database - INFO - Car Types: 405
2025-09-24 14:32:41,106 - app.utils.database - INFO - Fuel Types: 4
2025-09-24 14:32:41,106 - app.utils.database - INFO - Transmissions: 4
2025-09-24 14:32:41,106 - app.utils.database - INFO - Years: 26
2025-09-24 14:32:41,106 - app.utils.database - INFO - Seats: 10
2025-09-24 14:32:41,106 - app.utils.database - INFO - Origins: 10
2025-09-24 14:32:41,107 - app - INFO - Successfully imported data from data\processed\processed_cars_20250924_143204.csv in 0.91 seconds
2025-09-24 14:33:05,910 - app - INFO - \u0110ã backup cleaned.csv thành C:\Users\Admin\Desktop\Data_Science\data\preprocessing\cleaned_backup_20250924_143305.csv
2025-09-24 14:33:05,919 - app - INFO - \u0110ã c\u1eadp nh\u1eadt cleaned.csv t\u1eeb C:\Users\Admin\Desktop\Data_Science\data\processed\processed_cars_20250924_143204.csv
2025-09-24 14:33:05,922 - werkzeug - INFO - 127.0.0.1 - - [24/Sep/2025 14:33:05] "[32mPOST /train-models HTTP/1.1[0m" 302 -
2025-09-24 14:33:05,930 - werkzeug - INFO - 127.0.0.1 - - [24/Sep/2025 14:33:05] "GET / HTTP/1.1" 200 -
2025-09-24 14:33:06,180 - werkzeug - INFO - 127.0.0.1 - - [24/Sep/2025 14:33:06] "[36mGET /static/css/style.css HTTP/1.1[0m" 304 -
2025-09-24 14:33:06,265 - werkzeug - INFO - 127.0.0.1 - - [24/Sep/2025 14:33:06] "[36mGET /static/js/main.js HTTP/1.1[0m" 304 -
2025-09-24 14:33:06,543 - app - INFO - \u0110ào t\u1ea1o Linear Regression...
2025-09-24 14:33:06,932 - app - INFO - \u0110ào t\u1ea1o Random Forest...
2025-09-24 14:33:16,335 - app - INFO - \u0110ào t\u1ea1o XGBoost...
2025-09-24 14:33:19,676 - app - INFO - \u2705 Hoàn t\u1ea5t \u0111ào t\u1ea1o mô hình!
2025-09-24 14:33:35,346 - werkzeug - INFO - 127.0.0.1 - - [24/Sep/2025 14:33:35] "GET /predict HTTP/1.1" 200 -
2025-09-24 14:33:35,408 - werkzeug - INFO - 127.0.0.1 - - [24/Sep/2025 14:33:35] "GET /static/js/predict.js HTTP/1.1" 200 -
2025-09-24 14:33:35,487 - werkzeug - INFO - 127.0.0.1 - - [24/Sep/2025 14:33:35] "[36mGET /static/css/style.css HTTP/1.1[0m" 304 -
2025-09-24 14:33:37,226 - werkzeug - INFO - 127.0.0.1 - - [24/Sep/2025 14:33:37] "GET /api/get-models/19 HTTP/1.1" 200 -
2025-09-24 14:33:37,909 - werkzeug - INFO - 127.0.0.1 - - [24/Sep/2025 14:33:37] "GET /api/get-car-types/82 HTTP/1.1" 200 -
2025-09-24 14:33:51,875 - app - INFO - Price prediction results - LR: 1211183666, RF: 556525000, XGB: 1236007936
2025-09-24 14:33:51,948 - werkzeug - INFO - 127.0.0.1 - - [24/Sep/2025 14:33:51] "POST /predict HTTP/1.1" 200 -
2025-09-24 14:33:51,958 - werkzeug - INFO - 127.0.0.1 - - [24/Sep/2025 14:33:51] "[36mGET /static/css/style.css HTTP/1.1[0m" 304 -
2025-09-24 14:33:51,959 - werkzeug - INFO - 127.0.0.1 - - [24/Sep/2025 14:33:51] "[36mGET /static/js/predict.js HTTP/1.1[0m" 304 -
